\BOOKMARK [1][-]{section.0.1}{\376\377\001\020\000\363\000n\000g\000\040\000g\000\363\000p\000\040\0001\000:\000\040\000G\000i\036\243\000i\000\040\000p\000h\000\341\000p\000\040\000x\036\355\000\040\000l\000\375\000\040\001\021\001\241\000n\000\040\000h\000\340\000n\000g\000\040\001\021\000a\000\040\000k\000\352\000n\000h\000\040\000k\000h\000\351\000p\000\040\000k\000\355\000n\000\040\000\050\000O\000m\000n\000i\000c\000h\000a\000n\000n\000e\000l\000\051}{}% 1
\BOOKMARK [2][-]{subsection.0.1.1}{\376\377\000G\000i\036\333\000i\000\040\000t\000h\000i\036\307\000u\000\040\000v\000\340\000\040\001\020\036\267\000t\000\040\000v\036\245\000n\000\040\001\021\036\301}{section.0.1}% 2
\BOOKMARK [2][-]{subsection.0.1.2}{\376\377\000G\000i\036\243\000i\000\040\000p\000h\000\341\000p\000\040\000k\036\371\000\040\000t\000h\000u\036\255\000t}{section.0.1}% 3
\BOOKMARK [2][-]{subsection.0.1.3}{\376\377\000K\036\277\000t\000\040\000q\000u\036\243\000\040\001\021\036\241\000t\000\040\001\021\001\260\036\343\000c}{section.0.1}% 4
\BOOKMARK [1][-]{section.0.2}{\376\377\001\020\000\363\000n\000g\000\040\000g\000\363\000p\000\040\0002\000:\000\040\000B\000\341\000o\000\040\000c\000\341\000o\000\040\000t\000h\036\321\000n\000g\000\040\000k\000\352\000\040\000d\000o\000a\000n\000h\000\040\000t\000h\000u\000\040\000c\000a\000\040\000l\000\340\000m\000\040\000v\000i\036\307\000c\000\040\000c\000h\000\355\000n\000h\000\040\000x\000\341\000c}{}% 5
\BOOKMARK [2][-]{subsection.0.2.1}{\376\377\000G\000i\036\333\000i\000\040\000t\000h\000i\036\307\000u\000\040\000v\000\340\000\040\001\020\036\267\000t\000\040\000v\036\245\000n\000\040\001\021\036\301}{section.0.2}% 6
\BOOKMARK [2][-]{subsection.0.2.2}{\376\377\000G\000i\036\243\000i\000\040\000p\000h\000\341\000p\000\040\000k\036\371\000\040\000t\000h\000u\036\255\000t}{section.0.2}% 7
\BOOKMARK [2][-]{subsection.0.2.3}{\376\377\000K\036\277\000t\000\040\000q\000u\036\243\000\040\001\021\036\241\000t\000\040\001\021\001\260\036\343\000c}{section.0.2}% 8
\BOOKMARK [1][-]{section.0.3}{\376\377\001\020\000\363\000n\000g\000\040\000g\000\363\000p\000\040\0003\000:\000\040\000P\000h\000\342\000n\000\040\000t\000\355\000c\000h\000\040\000x\000u\000\040\000h\001\260\036\333\000n\000g\000\040\036\251\000m\000\040\000t\000h\036\361\000c\000\040\000v\000\340\000\040\000t\036\321\000i\000\040\001\260\000u\000\040\000t\000h\036\361\000c\000\040\001\021\001\241\000n}{}% 9
\BOOKMARK [2][-]{subsection.0.3.1}{\376\377\000G\000i\036\333\000i\000\040\000t\000h\000i\036\307\000u\000\040\000v\000\340\000\040\001\020\036\267\000t\000\040\000v\036\245\000n\000\040\001\021\036\301}{section.0.3}% 10
\BOOKMARK [2][-]{subsection.0.3.2}{\376\377\000G\000i\036\243\000i\000\040\000p\000h\000\341\000p\000\040\000k\036\371\000\040\000t\000h\000u\036\255\000t}{section.0.3}% 11
\BOOKMARK [2][-]{subsection.0.3.3}{\376\377\000K\036\277\000t\000\040\000q\000u\036\243\000\040\001\021\036\241\000t\000\040\001\021\001\260\036\343\000c}{section.0.3}% 12
\BOOKMARK [1][-]{section.0.4}{\376\377\001\020\000\363\000n\000g\000\040\000g\000\363\000p\000\040\0004\000:\000\040\000C\001\241\000\040\000c\000h\036\277\000\040\000b\036\243\000o\000\040\000m\036\255\000t\000\040\001\021\000a\000\040\000l\036\333\000p\000\040\000v\036\333\000i\000\040\000J\000W\000T\000\040\000\050\000J\000a\000s\000o\000n\000\040\000W\000e\000b\000\040\000T\000o\000k\000e\000n\000\051}{}% 13
\BOOKMARK [2][-]{subsection.0.4.1}{\376\377\000G\000i\036\333\000i\000\040\000t\000h\000i\036\307\000u\000\040\000v\000\340\000\040\001\020\036\267\000t\000\040\000v\036\245\000n\000\040\001\021\036\301}{section.0.4}% 14
\BOOKMARK [2][-]{subsection.0.4.2}{\376\377\000G\000i\036\243\000i\000\040\000p\000h\000\341\000p\000\040\000k\036\371\000\040\000t\000h\000u\036\255\000t}{section.0.4}% 15
\BOOKMARK [2][-]{subsection.0.4.3}{\376\377\000K\036\277\000t\000\040\000q\000u\036\243\000\040\001\021\036\241\000t\000\040\001\021\001\260\036\343\000c}{section.0.4}% 16
\BOOKMARK [1][-]{section.0.5}{\376\377\001\020\000\363\000n\000g\000\040\000g\000\363\000p\000\040\0005\000:\000\040\000K\000i\036\277\000n\000\040\000t\000r\000\372\000c\000\040\000p\000h\000\342\000n\000\040\000t\036\247\000n\000g\000\040\000\050\000L\000a\000y\000e\000r\000e\000d\000\040\000A\000r\000c\000h\000i\000t\000e\000c\000t\000u\000r\000e\000\051\000\040\000v\000\340\000\040\000D\000T\000O\000\040\000P\000a\000t\000t\000e\000r\000n}{}% 17
\BOOKMARK [2][-]{subsection.0.5.1}{\376\377\000G\000i\036\333\000i\000\040\000t\000h\000i\036\307\000u\000\040\000v\000\340\000\040\001\020\036\267\000t\000\040\000v\036\245\000n\000\040\001\021\036\301}{section.0.5}% 18
\BOOKMARK [2][-]{subsection.0.5.2}{\376\377\000G\000i\036\243\000i\000\040\000p\000h\000\341\000p\000\040\000k\036\371\000\040\000t\000h\000u\036\255\000t}{section.0.5}% 19
\BOOKMARK [2][-]{subsection.0.5.3}{\376\377\000K\036\277\000t\000\040\000q\000u\036\243\000\040\001\021\036\241\000t\000\040\001\021\001\260\036\343\000c}{section.0.5}% 20
