This is pdfTeX, Version 3.141592653-2.6-1.40.28 (TeX Live 2025) (preloaded format=pdflatex 2026.1.13)  21 JAN 2026 14:45
entering extended mode
 restricted \write18 enabled.
 file:line:error style messages enabled.
 %&-line parsing enabled.
**/home/luongld/final_project/docs/report/final_report/20232006p.tex
(/home/luongld/final_project/docs/report/final_report/20232006p.tex
LaTeX2e <2025-11-01>
L3 programming layer <2025-12-29>
(/usr/local/texlive/2025/texmf-dist/tex/latex/base/report.cls
Document Class: report 2025/01/22 v1.4n Standard LaTeX document class
(/usr/local/texlive/2025/texmf-dist/tex/latex/base/size10.clo
File: size10.clo 2025/01/22 v1.4n Standard LaTeX file (size option)
)
\c@part=\count275
\c@chapter=\count276
\c@section=\count277
\c@subsection=\count278
\c@subsubsection=\count279
\c@paragraph=\count280
\c@subparagraph=\count281
\c@figure=\count282
\c@table=\count283
\abovecaptionskip=\skip49
\belowcaptionskip=\skip50
\bibindent=\dimen148
) (/usr/local/texlive/2025/texmf-dist/tex/latex/koma-script/scrextend.sty
Package: scrextend 2025/12/01 v3.49 KOMA-Script package (extend other classes with features of KOMA-Script classes)
 (/usr/local/texlive/2025/texmf-dist/tex/latex/koma-script/scrkbase.sty
Package: scrkbase 2025/12/01 v3.49 KOMA-Script package (KOMA-Script-dependent basics and keyval usage)
 (/usr/local/texlive/2025/texmf-dist/tex/latex/koma-script/scrbase.sty
Package: scrbase 2025/12/01 v3.49 KOMA-Script package (KOMA-Script-independent basics and keyval usage)
 (/usr/local/texlive/2025/texmf-dist/tex/latex/koma-script/scrlfile.sty
Package: scrlfile 2025/12/01 v3.49 KOMA-Script package (file load hooks)
 (/usr/local/texlive/2025/texmf-dist/tex/latex/koma-script/scrlfile-hook.sty
Package: scrlfile-hook 2025/12/01 v3.49 KOMA-Script package (using LaTeX hooks)
 (/usr/local/texlive/2025/texmf-dist/tex/latex/koma-script/scrlogo.sty
Package: scrlogo 2025/12/01 v3.49 KOMA-Script package (logo)
))) (/usr/local/texlive/2025/texmf-dist/tex/latex/graphics/keyval.sty
Package: keyval 2022/05/29 v1.15 key=value parser (DPC)
\KV@toks@=\toks17
)
Applying: [2021/05/01] Usage of raw or classic option list on input line 254.
Already applied: [0000/00/00] Usage of raw or classic option list on input line 370.
)))

LaTeX Font Warning: Font shape `OT1/cmr/m/n' in size <13> not available
(Font)              size <12> substituted on input line 3.

(/usr/local/texlive/2025/texmf-dist/tex/latex/vntex/vietnam.sty
Package: vietnam 2009/07/12 v1.3 support for Vietnamese
 (/usr/local/texlive/2025/texmf-dist/tex/latex/base/ifthen.sty
Package: ifthen 2024/03/16 v1.1e Standard LaTeX ifthen package (DPC)
) (/usr/local/texlive/2025/texmf-dist/tex/latex/base/fontenc.sty
Package: fontenc 2025/07/18 v2.1d Standard LaTeX package
 (/usr/local/texlive/2025/texmf-dist/tex/latex/vntex/t5enc.def
File: t5enc.def 2006/11/21 v1.4 Vietnamese T5 encoding
Now handling font encoding T5 ...
... processing UTF-8 mapping file for font encoding T5
 (/usr/local/texlive/2025/texmf-dist/tex/latex/vntex/t5enc.dfu
File: t5enc.dfu 2006/08/19 v1.1 UTF8 support for Vietnamese
   defining Unicode char U+00AB (decimal 171)
   defining Unicode char U+00BB (decimal 187)
   defining Unicode char U+00C0 (decimal 192)
   defining Unicode char U+00C1 (decimal 193)
   defining Unicode char U+00C2 (decimal 194)
   defining Unicode char U+00C3 (decimal 195)
   defining Unicode char U+00C8 (decimal 200)
   defining Unicode char U+00C9 (decimal 201)
   defining Unicode char U+00CA (decimal 202)
   defining Unicode char U+00CC (decimal 204)
   defining Unicode char U+00CD (decimal 205)
   defining Unicode char U+00D2 (decimal 210)
   defining Unicode char U+00D3 (decimal 211)
   defining Unicode char U+00D4 (decimal 212)
   defining Unicode char U+00D5 (decimal 213)
   defining Unicode char U+00D9 (decimal 217)
   defining Unicode char U+00DA (decimal 218)
   defining Unicode char U+00DD (decimal 221)
   defining Unicode char U+00E0 (decimal 224)
   defining Unicode char U+00E1 (decimal 225)
   defining Unicode char U+00E2 (decimal 226)
   defining Unicode char U+00E3 (decimal 227)
   defining Unicode char U+00E8 (decimal 232)
   defining Unicode char U+00E9 (decimal 233)
   defining Unicode char U+00EA (decimal 234)
   defining Unicode char U+00EC (decimal 236)
   defining Unicode char U+00ED (decimal 237)
   defining Unicode char U+00F2 (decimal 242)
   defining Unicode char U+00F3 (decimal 243)
   defining Unicode char U+00F4 (decimal 244)
   defining Unicode char U+00F5 (decimal 245)
   defining Unicode char U+00F9 (decimal 249)
   defining Unicode char U+00FA (decimal 250)
   defining Unicode char U+00FD (decimal 253)
   defining Unicode char U+0102 (decimal 258)
   defining Unicode char U+0103 (decimal 259)
   defining Unicode char U+0110 (decimal 272)
   defining Unicode char U+0111 (decimal 273)
   defining Unicode char U+0128 (decimal 296)
   defining Unicode char U+0129 (decimal 297)
   defining Unicode char U+0131 (decimal 305)
   defining Unicode char U+0168 (decimal 360)
   defining Unicode char U+0169 (decimal 361)
   defining Unicode char U+01A0 (decimal 416)
   defining Unicode char U+01A1 (decimal 417)
   defining Unicode char U+01AF (decimal 431)
   defining Unicode char U+01B0 (decimal 432)
   defining Unicode char U+1EA0 (decimal 7840)
   defining Unicode char U+1EA1 (decimal 7841)
   defining Unicode char U+1EA2 (decimal 7842)
   defining Unicode char U+1EA3 (decimal 7843)
   defining Unicode char U+1EA4 (decimal 7844)
   defining Unicode char U+1EA5 (decimal 7845)
   defining Unicode char U+1EA6 (decimal 7846)
   defining Unicode char U+1EA7 (decimal 7847)
   defining Unicode char U+1EA8 (decimal 7848)
   defining Unicode char U+1EA9 (decimal 7849)
   defining Unicode char U+1EAA (decimal 7850)
   defining Unicode char U+1EAB (decimal 7851)
   defining Unicode char U+1EAC (decimal 7852)
   defining Unicode char U+1EAD (decimal 7853)
   defining Unicode char U+1EAE (decimal 7854)
   defining Unicode char U+1EAF (decimal 7855)
   defining Unicode char U+1EB0 (decimal 7856)
   defining Unicode char U+1EB1 (decimal 7857)
   defining Unicode char U+1EB2 (decimal 7858)
   defining Unicode char U+1EB3 (decimal 7859)
   defining Unicode char U+1EB4 (decimal 7860)
   defining Unicode char U+1EB5 (decimal 7861)
   defining Unicode char U+1EB6 (decimal 7862)
   defining Unicode char U+1EB7 (decimal 7863)
   defining Unicode char U+1EB8 (decimal 7864)
   defining Unicode char U+1EB9 (decimal 7865)
   defining Unicode char U+1EBA (decimal 7866)
   defining Unicode char U+1EBB (decimal 7867)
   defining Unicode char U+1EBC (decimal 7868)
   defining Unicode char U+1EBD (decimal 7869)
   defining Unicode char U+1EBE (decimal 7870)
   defining Unicode char U+1EBF (decimal 7871)
   defining Unicode char U+1EC0 (decimal 7872)
   defining Unicode char U+1EC1 (decimal 7873)
   defining Unicode char U+1EC2 (decimal 7874)
   defining Unicode char U+1EC3 (decimal 7875)
   defining Unicode char U+1EC4 (decimal 7876)
   defining Unicode char U+1EC5 (decimal 7877)
   defining Unicode char U+1EC6 (decimal 7878)
   defining Unicode char U+1EC7 (decimal 7879)
   defining Unicode char U+1EC8 (decimal 7880)
   defining Unicode char U+1EC9 (decimal 7881)
   defining Unicode char U+1ECA (decimal 7882)
   defining Unicode char U+1ECB (decimal 7883)
   defining Unicode char U+1ECC (decimal 7884)
   defining Unicode char U+1ECD (decimal 7885)
   defining Unicode char U+1ECE (decimal 7886)
   defining Unicode char U+1ECF (decimal 7887)
   defining Unicode char U+1ED0 (decimal 7888)
   defining Unicode char U+1ED1 (decimal 7889)
   defining Unicode char U+1ED2 (decimal 7890)
   defining Unicode char U+1ED3 (decimal 7891)
   defining Unicode char U+1ED4 (decimal 7892)
   defining Unicode char U+1ED5 (decimal 7893)
   defining Unicode char U+1ED6 (decimal 7894)
   defining Unicode char U+1ED7 (decimal 7895)
   defining Unicode char U+1ED8 (decimal 7896)
   defining Unicode char U+1ED9 (decimal 7897)
   defining Unicode char U+1EDA (decimal 7898)
   defining Unicode char U+1EDB (decimal 7899)
   defining Unicode char U+1EDC (decimal 7900)
   defining Unicode char U+1EDD (decimal 7901)
   defining Unicode char U+1EDE (decimal 7902)
   defining Unicode char U+1EDF (decimal 7903)
   defining Unicode char U+1EE0 (decimal 7904)
   defining Unicode char U+1EE1 (decimal 7905)
   defining Unicode char U+1EE2 (decimal 7906)
   defining Unicode char U+1EE3 (decimal 7907)
   defining Unicode char U+1EE4 (decimal 7908)
   defining Unicode char U+1EE5 (decimal 7909)
   defining Unicode char U+1EE6 (decimal 7910)
   defining Unicode char U+1EE7 (decimal 7911)
   defining Unicode char U+1EE8 (decimal 7912)
   defining Unicode char U+1EE9 (decimal 7913)
   defining Unicode char U+1EEA (decimal 7914)
   defining Unicode char U+1EEB (decimal 7915)
   defining Unicode char U+1EEC (decimal 7916)
   defining Unicode char U+1EED (decimal 7917)
   defining Unicode char U+1EEE (decimal 7918)
   defining Unicode char U+1EEF (decimal 7919)
   defining Unicode char U+1EF0 (decimal 7920)
   defining Unicode char U+1EF1 (decimal 7921)
   defining Unicode char U+1EF2 (decimal 7922)
   defining Unicode char U+1EF3 (decimal 7923)
   defining Unicode char U+1EF4 (decimal 7924)
   defining Unicode char U+1EF5 (decimal 7925)
   defining Unicode char U+1EF6 (decimal 7926)
   defining Unicode char U+1EF7 (decimal 7927)
   defining Unicode char U+1EF8 (decimal 7928)
   defining Unicode char U+1EF9 (decimal 7929)
   defining Unicode char U+200C (decimal 8204)
   defining Unicode char U+2013 (decimal 8211)
   defining Unicode char U+2014 (decimal 8212)
   defining Unicode char U+2018 (decimal 8216)
   defining Unicode char U+2019 (decimal 8217)
   defining Unicode char U+201A (decimal 8218)
   defining Unicode char U+201C (decimal 8220)
   defining Unicode char U+201D (decimal 8221)
   defining Unicode char U+201E (decimal 8222)
   defining Unicode char U+2030 (decimal 8240)
   defining Unicode char U+2031 (decimal 8241)
   defining Unicode char U+2039 (decimal 8249)
   defining Unicode char U+203A (decimal 8250)
   defining Unicode char U+2423 (decimal 9251)
))
LaTeX Font Info:    Trying to load font information for T5+cmr on input line 116.
 (/usr/local/texlive/2025/texmf-dist/tex/latex/vntex/t5cmr.fd
File: t5cmr.fd 1999/05/25 v2.5h Standard LaTeX font definitions
)) (/usr/local/texlive/2025/texmf-dist/tex/latex/base/inputenc.sty
Package: inputenc 2024/02/08 v1.3d Input encoding file
\inpenc@prehook=\toks18
\inpenc@posthook=\toks19
) (/usr/local/texlive/2025/texmf-dist/tex/latex/vntex/vncaps.tex
File: vncaps.tex 2006/06/07 v1.1 Captions in Vietnamese
)) (/usr/local/texlive/2025/texmf-dist/tex/latex/geometry/geometry.sty
Package: geometry 2020/01/02 v5.9 Page Geometry
 (/usr/local/texlive/2025/texmf-dist/tex/generic/iftex/ifvtex.sty
Package: ifvtex 2019/10/25 v1.7 ifvtex legacy package. Use iftex instead.
 (/usr/local/texlive/2025/texmf-dist/tex/generic/iftex/iftex.sty
Package: iftex 2024/12/12 v1.0g TeX engine tests
))
\Gm@cnth=\count284
\Gm@cntv=\count285
\c@Gm@tempcnt=\count286
\Gm@bindingoffset=\dimen149
\Gm@wd@mp=\dimen150
\Gm@odd@mp=\dimen151
\Gm@even@mp=\dimen152
\Gm@layoutwidth=\dimen153
\Gm@layoutheight=\dimen154
\Gm@layouthoffset=\dimen155
\Gm@layoutvoffset=\dimen156
\Gm@dimlist=\toks20
) (/usr/local/texlive/2025/texmf-dist/tex/latex/graphics/graphicx.sty
Package: graphicx 2024/12/31 v1.2e Enhanced LaTeX Graphics (DPC,SPQR)
 (/usr/local/texlive/2025/texmf-dist/tex/latex/graphics/graphics.sty
Package: graphics 2024/08/06 v1.4g Standard LaTeX Graphics (DPC,SPQR)
 (/usr/local/texlive/2025/texmf-dist/tex/latex/graphics/trig.sty
Package: trig 2023/12/02 v1.11 sin cos tan (DPC)
) (/usr/local/texlive/2025/texmf-dist/tex/latex/graphics-cfg/graphics.cfg
File: graphics.cfg 2016/06/04 v1.11 sample graphics configuration
)
Package graphics Info: Driver file: pdftex.def on input line 106.
 (/usr/local/texlive/2025/texmf-dist/tex/latex/graphics-def/pdftex.def
File: pdftex.def 2025/09/29 v1.2d Graphics/color driver for pdftex
))
\Gin@req@height=\dimen157
\Gin@req@width=\dimen158
) (/usr/local/texlive/2025/texmf-dist/tex/latex/fancybox/fancybox.sty
Package: fancybox 2010/05/15 1.4

Style option: `fancybox' v1.4 <2010/05/15> (tvz)
\@fancybox=\box53
\shadowsize=\dimen159
\@Sbox=\box54
\do@VerbBox=\toks21
\the@fancyput=\toks22
\this@fancyput=\toks23
\EndVerbatimTokens=\toks24
\Verbatim@Outfile=\write3
\Verbatim@Infile=\read2
) (/usr/local/texlive/2025/texmf-dist/tex/latex/tools/indentfirst.sty
Package: indentfirst 2023/07/02 v1.03 Indent first paragraph (DPC)
) (/usr/local/texlive/2025/texmf-dist/tex/latex/amscls/amsthm.sty
Package: amsthm 2020/05/29 v2.20.6
\thm@style=\toks25
\thm@bodyfont=\toks26
\thm@headfont=\toks27
\thm@notefont=\toks28
\thm@headpunct=\toks29
\thm@preskip=\skip51
\thm@postskip=\skip52
\thm@headsep=\skip53
\dth@everypar=\toks30
) (/usr/local/texlive/2025/texmf-dist/tex/latex/base/latexsym.sty
Package: latexsym 1998/08/17 v2.2e Standard LaTeX package (lasy symbols)
\symlasy=\mathgroup4
LaTeX Font Info:    Overwriting symbol font `lasy' in version `bold'
(Font)                  U/lasy/m/n --> U/lasy/b/n on input line 52.
) (/usr/local/texlive/2025/texmf-dist/tex/latex/amsmath/amsmath.sty
Package: amsmath 2025/07/09 v2.17z AMS math features
\@mathmargin=\skip54

For additional information on amsmath, use the `?' option.
(/usr/local/texlive/2025/texmf-dist/tex/latex/amsmath/amstext.sty
Package: amstext 2024/11/17 v2.01 AMS text
 (/usr/local/texlive/2025/texmf-dist/tex/latex/amsmath/amsgen.sty
File: amsgen.sty 1999/11/30 v2.0 generic functions
\@emptytoks=\toks31
\ex@=\dimen160
)) (/usr/local/texlive/2025/texmf-dist/tex/latex/amsmath/amsbsy.sty
Package: amsbsy 1999/11/29 v1.2d Bold Symbols
\pmbraise@=\dimen161
) (/usr/local/texlive/2025/texmf-dist/tex/latex/amsmath/amsopn.sty
Package: amsopn 2022/04/08 v2.04 operator names
)
\inf@bad=\count287
LaTeX Info: Redefining \frac on input line 233.
\uproot@=\count288
\leftroot@=\count289
LaTeX Info: Redefining \overline on input line 398.
LaTeX Info: Redefining \colon on input line 409.
\classnum@=\count290
\DOTSCASE@=\count291
LaTeX Info: Redefining \ldots on input line 495.
LaTeX Info: Redefining \dots on input line 498.
LaTeX Info: Redefining \cdots on input line 619.
\Mathstrutbox@=\box55
\strutbox@=\box56
LaTeX Info: Redefining \big on input line 721.
LaTeX Info: Redefining \Big on input line 722.
LaTeX Info: Redefining \bigg on input line 723.
LaTeX Info: Redefining \Bigg on input line 724.
\big@size=\dimen162
LaTeX Font Info:    Redeclaring font encoding OML on input line 742.
LaTeX Font Info:    Redeclaring font encoding OMS on input line 743.
\macc@depth=\count292
LaTeX Info: Redefining \bmod on input line 904.
LaTeX Info: Redefining \pmod on input line 909.
LaTeX Info: Redefining \smash on input line 939.
LaTeX Info: Redefining \relbar on input line 969.
LaTeX Info: Redefining \Relbar on input line 970.
\c@MaxMatrixCols=\count293
\dotsspace@=\muskip17
\c@parentequation=\count294
\dspbrk@lvl=\count295
\tag@help=\toks32
\row@=\count296
\column@=\count297
\maxfields@=\count298
\andhelp@=\toks33
\eqnshift@=\dimen163
\alignsep@=\dimen164
\tagshift@=\dimen165
\tagwidth@=\dimen166
\totwidth@=\dimen167
\lineht@=\dimen168
\@envbody=\toks34
\multlinegap=\skip55
\multlinetaggap=\skip56
\mathdisplay@stack=\toks35
LaTeX Info: Redefining \[ on input line 2950.
LaTeX Info: Redefining \] on input line 2951.
) (/usr/local/texlive/2025/texmf-dist/tex/latex/amsfonts/amssymb.sty
Package: amssymb 2013/01/14 v3.01 AMS font symbols
 (/usr/local/texlive/2025/texmf-dist/tex/latex/amsfonts/amsfonts.sty
Package: amsfonts 2013/01/14 v3.01 Basic AMSFonts support
\symAMSa=\mathgroup5
\symAMSb=\mathgroup6
LaTeX Font Info:    Redeclaring math symbol \hbar on input line 98.
LaTeX Font Info:    Overwriting math alphabet `\mathfrak' in version `bold'
(Font)                  U/euf/m/n --> U/euf/b/n on input line 106.
)) (/usr/local/texlive/2025/texmf-dist/tex/latex/psnfss/times.sty
Package: times 2020/03/25 PSNFSS-v9.3 (SPQR) 
) (/usr/local/texlive/2025/texmf-dist/tex/latex/tools/array.sty
Package: array 2025/09/25 v2.6n Tabular extension package (FMi)
\col@sep=\dimen169
\ar@mcellbox=\box57
\extrarowheight=\dimen170
\NC@list=\toks36
\extratabsurround=\skip57
\backup@length=\skip58
\ar@cellbox=\box58
) (/usr/local/texlive/2025/texmf-dist/tex/latex/enumitem/enumitem.sty
Package: enumitem 2025/02/06 v3.11 Customized lists
\labelindent=\skip59
\enit@outerparindent=\dimen171
\enit@toks=\toks37
\enit@inbox=\box59
\enit@count@id=\count299
\enitdp@description=\count300
) (/usr/local/texlive/2025/texmf-dist/tex/latex/subfiles/subfiles.sty
Package: subfiles 2020/11/14 v2.2 Multi-file projects (package)
 (/usr/local/texlive/2025/texmf-dist/tex/latex/import/import.sty
Package: import 2020/04/01  v 6.2
)) (/usr/local/texlive/2025/texmf-dist/tex/latex/titlesec/titlesec.sty
Package: titlesec 2025/01/04 v2.17 Sectioning titles
\ttl@box=\box60
\beforetitleunit=\skip60
\aftertitleunit=\skip61
\ttl@plus=\dimen172
\ttl@minus=\dimen173
\ttl@toksa=\toks38
\titlewidth=\dimen174
\titlewidthlast=\dimen175
\titlewidthfirst=\dimen176
) (/usr/local/texlive/2025/texmf-dist/tex/latex/titlesec/titletoc.sty
Package: titletoc 2025/01/04 v2.17 TOC entries
\ttl@leftsep=\dimen177
) (/usr/local/texlive/2025/texmf-dist/tex/latex/chngcntr/chngcntr.sty
Package: chngcntr 2018/04/09 v1.1a change counter resetting
Package chngcntr Info: \counterwithout already defined.
(chngcntr)             Quitting chngcntr on input line 21.
) (/usr/local/texlive/2025/texmf-dist/tex/latex/pdflscape/pdflscape.sty
Package: pdflscape 2025-06-23 v0.14 Display of landscape pages in PDF
 (/usr/local/texlive/2025/texmf-dist/tex/latex/pdflscape/pdflscape-nometadata.sty
Package: pdflscape-nometadata 2025-06-23 v0.14 Display of landscape pages in PDF (HO)
 (/usr/local/texlive/2025/texmf-dist/tex/latex/graphics/lscape.sty
Package: lscape 2020/05/28 v3.02 Landscape Pages (DPC)
)
Package pdflscape Info: Auto-detected driver: pdftex on input line 81.
)) (/usr/local/texlive/2025/texmf-dist/tex/latex/tools/afterpage.sty
Package: afterpage 2023/07/04 v1.08 After-Page Package (DPC)
\AP@output=\toks39
\AP@partial=\box61
\AP@footins=\box62
) (/usr/local/texlive/2025/texmf-dist/tex/latex/algorithm2e/algorithm2e.sty
Package: algorithm2e 2017/07/18 v5.2 algorithms environments
\c@AlgoLine=\count301
\algocf@hangindent=\skip62
 (/usr/local/texlive/2025/texmf-dist/tex/latex/ifoddpage/ifoddpage.sty
Package: ifoddpage 2022/10/18 v1.2 Conditionals for odd/even page detection
\c@checkoddpage=\count302
) (/usr/local/texlive/2025/texmf-dist/tex/latex/tools/xspace.sty
Package: xspace 2014/10/28 v1.13 Space after command names (DPC,MH)
) (/usr/local/texlive/2025/texmf-dist/tex/latex/relsize/relsize.sty
Package: relsize 2013/03/29 ver 4.1
)
\skiptotal=\skip63
\skiplinenumber=\skip64
\skiprule=\skip65
\skiphlne=\skip66
\skiptext=\skip67
\skiplength=\skip68
\algomargin=\skip69
\skipalgocfslide=\skip70
\algowidth=\dimen178
\inoutsize=\dimen179
\inoutindent=\dimen180
\interspacetitleruled=\dimen181
\interspacealgoruled=\dimen182
\interspacetitleboxruled=\dimen183
\algocf@ruledwidth=\skip71
\algocf@inoutbox=\box63
\algocf@inputbox=\box64
\AlCapSkip=\skip72
\AlCapHSkip=\skip73
\algoskipindent=\skip74
\algocf@nlbox=\box65
\algocf@hangingbox=\box66
\algocf@untilbox=\box67
\algocf@skipuntil=\skip75
\algocf@capbox=\box68
\algocf@lcaptionbox=\skip76
\algoheightruledefault=\skip77
\algoheightrule=\skip78
\algotitleheightruledefault=\skip79
\algotitleheightrule=\skip80
\c@algocfline=\count303
\c@algocfproc=\count304
\c@algocf=\count305
\algocf@algoframe=\box69
\algocf@algobox=\box70
) (/usr/local/texlive/2025/texmf-dist/tex/latex/capt-of/capt-of.sty
Package: capt-of 2009/12/29 v0.2 standard captions outside of floats
) (/usr/local/texlive/2025/texmf-dist/tex/latex/multirow/multirow.sty
Package: multirow 2024/11/12 v2.9 Span multiple rows of a table
\multirow@colwidth=\skip81
\multirow@cntb=\count306
\multirow@dima=\skip82
\bigstrutjot=\dimen184
) (/usr/local/texlive/2025/texmf-dist/tex/latex/fancyhdr/fancyhdr.sty
Package: fancyhdr 2025/02/07 v5.2 Extensive control of page headers and footers
\f@nch@headwidth=\skip83
\f@nch@offset@elh=\skip84
\f@nch@offset@erh=\skip85
\f@nch@offset@olh=\skip86
\f@nch@offset@orh=\skip87
\f@nch@offset@elf=\skip88
\f@nch@offset@erf=\skip89
\f@nch@offset@olf=\skip90
\f@nch@offset@orf=\skip91
\f@nch@height=\skip92
\f@nch@footalignment=\skip93
\f@nch@widthL=\skip94
\f@nch@widthC=\skip95
\f@nch@widthR=\skip96
\@temptokenb=\toks40
) (/usr/local/texlive/2025/texmf-dist/tex/latex/appendix/appendix.sty
Package: appendix 2020/02/08 v1.2c extra appendix facilities
\c@@pps=\count307
\c@@ppsavesec=\count308
\c@@ppsaveapp=\count309
) (/usr/local/texlive/2025/texmf-dist/tex/latex/caption/caption.sty
Package: caption 2023/08/05 v3.6o Customizing captions (AR)
 (/usr/local/texlive/2025/texmf-dist/tex/latex/caption/caption3.sty
Package: caption3 2023/07/31 v2.4d caption3 kernel (AR)
\caption@tempdima=\dimen185
\captionmargin=\dimen186
\caption@leftmargin=\dimen187
\caption@rightmargin=\dimen188
\caption@width=\dimen189
\caption@indent=\dimen190
\caption@parindent=\dimen191
\caption@hangindent=\dimen192
Package caption Info: Standard document class detected.
)
\c@caption@flags=\count310
\c@continuedfloat=\count311
Package caption Info: scrextend package is loaded.
\caption@addmargin@hsize=\dimen193
\caption@addmargin@linewidth=\dimen194
) (/usr/local/texlive/2025/texmf-dist/tex/latex/listings/listings.sty
\lst@mode=\count312
\lst@gtempboxa=\box71
\lst@token=\toks41
\lst@length=\count313
\lst@currlwidth=\dimen195
\lst@column=\count314
\lst@pos=\count315
\lst@lostspace=\dimen196
\lst@width=\dimen197
\lst@newlines=\count316
\lst@lineno=\count317
\lst@maxwidth=\dimen198
 (/usr/local/texlive/2025/texmf-dist/tex/latex/listings/lstpatch.sty
File: lstpatch.sty 2025/11/14 1.11b (Carsten Heinz)
) (/usr/local/texlive/2025/texmf-dist/tex/latex/listings/lstmisc.sty
File: lstmisc.sty 2025/11/14 1.11b (Carsten Heinz)
\c@lstnumber=\count318
\lst@skipnumbers=\count319
\lst@framebox=\box72
) (/usr/local/texlive/2025/texmf-dist/tex/latex/listings/listings.cfg
File: listings.cfg 2025/11/14 1.11b listings configuration
))
Package: listings 2025/11/14 1.11b (Carsten Heinz)

==> First Aid for listings.sty no longer applied!
    Expected:
        2024/09/23 1.10c (Carsten Heinz)
    but found:
        2025/11/14 1.11b (Carsten Heinz)
    so I'm assuming it got fixed.
(/usr/local/texlive/2025/texmf-dist/tex/latex/float/float.sty
Package: float 2001/11/08 v1.3d Float enhancements (AL)
\c@float@type=\count320
\float@exts=\toks42
\float@box=\box73
\@float@everytoks=\toks43
\@floatcapt=\box74
) (/usr/local/texlive/2025/texmf-dist/tex/latex/caption/subcaption.sty
Package: subcaption 2023/07/28 v1.6b Sub-captions (AR)
Package caption Info: New subtype `subfigure' on input line 238.
\c@subfigure=\count321
Package caption Info: New subtype `subtable' on input line 238.
\c@subtable=\count322
) (/usr/local/texlive/2025/texmf-dist/tex/latex/xurl/xurl.sty
Package: xurl 2022/01/09 v 0.10 modify URL breaks
 (/usr/local/texlive/2025/texmf-dist/tex/latex/url/url.sty
\Urlmuskip=\muskip18
Package: url 2013/09/16  ver 3.4  Verb mode for urls, etc.
)) (/usr/local/texlive/2025/texmf-dist/tex/latex/glossaries/base/glossaries.sty
Package: glossaries 2025/11/09 v4.9 (NLCT)
 (/usr/local/texlive/2025/texmf-dist/tex/latex/xkeyval/xkeyval.sty
Package: xkeyval 2025/11/04 v2.10 package option processing (HA)
 (/usr/local/texlive/2025/texmf-dist/tex/generic/xkeyval/xkeyval.tex (/usr/local/texlive/2025/texmf-dist/tex/generic/xkeyval/xkvutils.tex
\XKV@toks=\toks44
\XKV@tempa@toks=\toks45
\XKV@tempb@toks=\toks46
)
\XKV@depth=\count323
File: xkeyval.tex 2014/12/03 v2.7a key=value parser (HA)
)) (/usr/local/texlive/2025/texmf-dist/tex/latex/mfirstuc/mfirstuc.sty
Package: mfirstuc 2025/04/03 v2.09 (NLCT)
 (/usr/local/texlive/2025/texmf-dist/tex/latex/etoolbox/etoolbox.sty
Package: etoolbox 2025/10/02 v2.5m e-TeX tools for LaTeX (JAW)
\etb@tempcnta=\count324
)
\@glsmfirst=\toks47
\@glsmrest=\toks48
) (/usr/local/texlive/2025/texmf-dist/tex/latex/xfor/xfor.sty
Package: xfor 2009/02/05 v1.05 (NLCT)
) (/usr/local/texlive/2025/texmf-dist/tex/latex/datatool/datatool-base.sty
Package: datatool-base 2025/12/04 v3.4.3 (NLCT)
 (/usr/local/texlive/2025/texmf-dist/tex/latex/tracklang/tracklang.sty
Package: tracklang 2025/03/11 v1.6.6 (NLCT) Track Languages
 (/usr/local/texlive/2025/texmf-dist/tex/generic/tracklang/tracklang.tex))
\l__datatool_tmpa_int=\count325
\l__datatool_tmpb_int=\count326
\l__datatool_tmpc_int=\count327
\l__datatool_tmpd_int=\count328
\l__datatool_count_int=\count329
\l__datatool_tmp_datatype_int=\count330
\l__datatool_tmpa_dim=\dimen199
\l__datatool_tmpb_dim=\dimen256
 (/usr/local/texlive/2025/texmf-dist/tex/latex/datatool/datatool-l3fp.def
File: datatool-l3fp.def 2025/12/04 v3.4.3 (NLCT)
)
\@dtl@toks=\toks49
\@dtl@tmpcount=\count331
\dtl@tmplength=\skip97
\l__datatool_measure_box=\box75
\dtl@sortresult=\count332
 (/usr/local/texlive/2025/texmf-dist/tex/latex/datatool/datatool-utf8.ldf
File: datatool-utf8.ldf 2025/12/04 v3.4.3 (NLCT)
)
\@dtl@datatype=\count333
\c_datatool_unknown_int=\count334
\l__datatool_year_int=\count335
\l__datatool_month_int=\count336
\l__datatool_day_int=\count337
\l__datatool_hour_int=\count338
\l__datatool_minute_int=\count339
\l__datatool_second_int=\count340
\l__datatool_tzhour_int=\count341
\l__datatool_tzminute_int=\count342
\l__datatool_julian_int=\count343
\l__datatool_local_julian_int=\count344
\l__datatool_prefix_int=\count345
\l__datatool_suffix_int=\count346
\@dtl@foreach@level=\count347
\dtl@codeA=\count348
\dtl@codeB=\count349
)
\gls@level=\count350
\@gls@tmpb=\toks50
\gls@tmplen=\skip98
\l__glossaries_tmpa_dim=\dimen257
\l__glossaries_tmpb_dim=\dimen258
\glskeylisttok=\toks51
\glslabeltok=\toks52
\glsshorttok=\toks53
\glslongtok=\toks54
 (/usr/local/texlive/2025/texmf-dist/tex/latex/glossaries/styles/glossary-hypernav.sty
Package: glossary-hypernav 2025/11/09 v4.9 (NLCT)
) (/usr/local/texlive/2025/texmf-dist/tex/latex/glossaries/styles/glossary-list.sty
Package: glossary-list 2025/11/09 v4.9 (NLCT)
\glslistdottedwidth=\skip99
) (/usr/local/texlive/2025/texmf-dist/tex/latex/glossaries/styles/glossary-long.sty
Package: glossary-long 2025/11/09 v4.9 (NLCT)
 (/usr/local/texlive/2025/texmf-dist/tex/latex/tools/longtable.sty
Package: longtable 2025-10-13 v4.24 Multi-page Table package (DPC)
\LTleft=\skip100
\LTright=\skip101
\LTpre=\skip102
\LTpost=\skip103
\LTchunksize=\count351
\LTcapwidth=\dimen259
\LT@head=\box76
\LT@firsthead=\box77
\LT@foot=\box78
\LT@lastfoot=\box79
\LT@gbox=\box80
\LT@cols=\count352
\LT@rows=\count353
\c@LT@tables=\count354
\c@LT@chunks=\count355
\LT@p@ftn=\toks55
)
\glsdescwidth=\skip104
\glspagelistwidth=\skip105
) (/usr/local/texlive/2025/texmf-dist/tex/latex/glossaries/styles/glossary-super.sty
Package: glossary-super 2025/11/09 v4.9 (NLCT)
 (/usr/local/texlive/2025/texmf-dist/tex/latex/supertabular/supertabular.sty
Package: supertabular 2025/06/26 v4.2d the supertabular environment
\c@tracingst=\count356
\ST@wd=\dimen260
\ST@rightskip=\skip106
\ST@leftskip=\skip107
\ST@parfillskip=\skip108
\ST@pageleft=\dimen261
\ST@headht=\dimen262
\ST@tailht=\dimen263
\ST@pagesofar=\dimen264
\ST@pboxht=\dimen265
\ST@rowht=\dimen266
\ST@prevht=\dimen267
\ST@toadd=\dimen268
\ST@dimen=\dimen269
\ST@pbox=\box81
)) (/usr/local/texlive/2025/texmf-dist/tex/latex/glossaries/styles/glossary-tree.sty
Package: glossary-tree 2025/11/09 v4.9 (NLCT)
\l__glossaries_tree_max_known_level_int=\count357
\l__glossaries_tree_offset_dim=\dimen270
\l__glossaries_tree_namewidth_dim=\dimen271
\l__glossaries_tree_symbolwidth_dim=\dimen272
\l__glossaries_tree_prenamesym_width_dim=\dimen273
\l__glossaries_tree_presubnamesym_width_dim=\dimen274
\l__glossaries_tree_namewidth_padding_dim=\dimen275
\l__glossaries_tree_symbolwidth_padding_dim=\dimen276
\l__glossaries_tree_namesymbolwidth_dim=\dimen277
\l__glossaries_tree_namesymbolwidth_padding_dim=\dimen278
\l__glossaries_tree_level_int=\count358
\glstreeindent=\skip109
)) (/usr/local/texlive/2025/texmf-dist/tex/latex/glossaries/styles/glossary-superragged.sty
Package: glossary-superragged 2025/11/09 v4.9 (NLCT)
) (/usr/local/texlive/2025/texmf-dist/tex/latex/setspace/setspace.sty
Package: setspace 2022/12/04 v6.7b set line spacing
) (/usr/local/texlive/2025/texmf-dist/tex/latex/parskip/parskip.sty
Package: parskip 2021-03-14 v2.0h non-zero parskip adjustments
 (/usr/local/texlive/2025/texmf-dist/tex/latex/kvoptions/kvoptions.sty
Package: kvoptions 2022-06-15 v3.15 Key value format for package options (HO)
 (/usr/local/texlive/2025/texmf-dist/tex/generic/ltxcmds/ltxcmds.sty
Package: ltxcmds 2023-12-04 v1.26 LaTeX kernel commands for general use (HO)
) (/usr/local/texlive/2025/texmf-dist/tex/latex/kvsetkeys/kvsetkeys.sty
Package: kvsetkeys 2022-10-05 v1.19 Key value parser (HO)
))) (/usr/local/texlive/2025/texmf-dist/tex/latex/blindtext/blindtext.sty
Package: blindtext 2012/01/06 V2.0 blindtext-Package
\c@blindtext=\count359
\c@Blindtext=\count360
\c@blind@countparstart=\count361
\blind@countxx=\count362
\blindtext@numBlindtext=\count363
\blind@countyy=\count364
\c@blindlist=\count365
\c@blindlistlevel=\count366
\c@blindlist@level=\count367
\blind@listitem=\count368
\c@blind@listcount=\count369
\c@blind@levelcount=\count370
\blind@mathformula=\count371
\blind@Mathformula=\count372
\c@blind@randomcount=\count373
\c@blind@randommax=\count374
\c@blind@pangramcount=\count375
\c@blind@pangrammax=\count376
) (/usr/local/texlive/2025/texmf-dist/tex/latex/outlines/outlines.sty
Package: outlines 2012/1/23 1.1 Ch. Pecheur
) (/usr/local/texlive/2025/texmf-dist/tex/latex/biblatex/biblatex.sty
Package: biblatex 2025/07/10 v3.21 programmable bibliographies (PK/MW)
 (/usr/local/texlive/2025/texmf-dist/tex/generic/pdftexcmds/pdftexcmds.sty
Package: pdftexcmds 2020-06-27 v0.33 Utility functions of pdfTeX for LuaTeX (HO)
 (/usr/local/texlive/2025/texmf-dist/tex/generic/infwarerr/infwarerr.sty
Package: infwarerr 2019/12/03 v1.5 Providing info/warning/error messages (HO)
)
Package pdftexcmds Info: \pdf@primitive is available.
Package pdftexcmds Info: \pdf@ifprimitive is available.
Package pdftexcmds Info: \pdfdraftmode found.
) (/usr/local/texlive/2025/texmf-dist/tex/latex/logreq/logreq.sty
Package: logreq 2010/08/04 v1.0 xml request logger
\lrq@indent=\count377
 (/usr/local/texlive/2025/texmf-dist/tex/latex/logreq/logreq.def
File: logreq.def 2010/08/04 v1.0 logreq spec v1.0
))
\c@tabx@nest=\count378
\c@listtotal=\count379
\c@listcount=\count380
\c@liststart=\count381
\c@liststop=\count382
\c@citecount=\count383
\c@citetotal=\count384
\c@multicitecount=\count385
\c@multicitetotal=\count386
\c@instcount=\count387
\c@maxnames=\count388
\c@minnames=\count389
\c@maxitems=\count390
\c@minitems=\count391
\c@citecounter=\count392
\c@maxcitecounter=\count393
\c@savedcitecounter=\count394
\c@uniquelist=\count395
\c@uniquename=\count396
\c@refsection=\count397
\c@refsegment=\count398
\c@maxextratitle=\count399
\c@maxextratitleyear=\count400
\c@maxextraname=\count401
\c@maxextradate=\count402
\c@maxextraalpha=\count403
\c@abbrvpenalty=\count404
\c@highnamepenalty=\count405
\c@lownamepenalty=\count406
\c@maxparens=\count407
\c@parenlevel=\count408
\blx@tempcnta=\count409
\blx@tempcntb=\count410
\blx@tempcntc=\count411
\c@blx@maxsection=\count412
\blx@maxsegment@0=\count413
\blx@notetype=\count414
\blx@parenlevel@text=\count415
\blx@parenlevel@foot=\count416
\blx@sectionciteorder@0=\count417
\blx@sectionciteorderinternal@0=\count418
\blx@entrysetcounter=\count419
\blx@biblioinstance=\count420
\labelnumberwidth=\skip110
\labelalphawidth=\skip111
\biblabelsep=\skip112
\bibitemsep=\skip113
\bibnamesep=\skip114
\bibinitsep=\skip115
\bibparsep=\skip116
\bibhang=\skip117
\blx@bcfin=\read3
\blx@bcfout=\write4
\blx@langwohyphens=\language90
\c@mincomprange=\count421
\c@maxcomprange=\count422
\c@mincompwidth=\count423
Package biblatex Info: Trying to load biblatex default data model...
Package biblatex Info: ... file 'blx-dm.def' found.
 (/usr/local/texlive/2025/texmf-dist/tex/latex/biblatex/blx-dm.def
File: blx-dm.def 2025/07/10 v3.21 biblatex datamodel (PK/MW)
)
Package biblatex Info: Trying to load biblatex style data model...
Package biblatex Info: ... file 'ieee.dbx' not found.
Package biblatex Info: Trying to load biblatex custom data model...
Package biblatex Info: ... file 'biblatex-dm.cfg' not found.
\c@afterword=\count424
\c@savedafterword=\count425
\c@annotator=\count426
\c@savedannotator=\count427
\c@author=\count428
\c@savedauthor=\count429
\c@bookauthor=\count430
\c@savedbookauthor=\count431
\c@commentator=\count432
\c@savedcommentator=\count433
\c@editor=\count434
\c@savededitor=\count435
\c@editora=\count436
\c@savededitora=\count437
\c@editorb=\count438
\c@savededitorb=\count439
\c@editorc=\count440
\c@savededitorc=\count441
\c@foreword=\count442
\c@savedforeword=\count443
\c@holder=\count444
\c@savedholder=\count445
\c@introduction=\count446
\c@savedintroduction=\count447
\c@namea=\count448
\c@savednamea=\count449
\c@nameb=\count450
\c@savednameb=\count451
\c@namec=\count452
\c@savednamec=\count453
\c@translator=\count454
\c@savedtranslator=\count455
\c@shortauthor=\count456
\c@savedshortauthor=\count457
\c@shorteditor=\count458
\c@savedshorteditor=\count459
\c@labelname=\count460
\c@savedlabelname=\count461
\c@institution=\count462
\c@savedinstitution=\count463
\c@lista=\count464
\c@savedlista=\count465
\c@listb=\count466
\c@savedlistb=\count467
\c@listc=\count468
\c@savedlistc=\count469
\c@listd=\count470
\c@savedlistd=\count471
\c@liste=\count472
\c@savedliste=\count473
\c@listf=\count474
\c@savedlistf=\count475
\c@location=\count476
\c@savedlocation=\count477
\c@organization=\count478
\c@savedorganization=\count479
\c@origlocation=\count480
\c@savedoriglocation=\count481
\c@origpublisher=\count482
\c@savedorigpublisher=\count483
\c@publisher=\count484
\c@savedpublisher=\count485
\c@language=\count486
\c@savedlanguage=\count487
\c@origlanguage=\count488
\c@savedoriglanguage=\count489
\c@pageref=\count490
\c@savedpageref=\count491
\shorthandwidth=\skip118
\shortjournalwidth=\skip119
\shortserieswidth=\skip120
\shorttitlewidth=\skip121
\shortauthorwidth=\skip122
\shorteditorwidth=\skip123
\locallabelnumberwidth=\skip124
\locallabelalphawidth=\skip125
\localshorthandwidth=\skip126
\localshortjournalwidth=\skip127
\localshortserieswidth=\skip128
\localshorttitlewidth=\skip129
\localshortauthorwidth=\skip130
\localshorteditorwidth=\skip131
Package biblatex Info: Trying to load compatibility code...
Package biblatex Info: ... file 'blx-compat.def' found.
 (/usr/local/texlive/2025/texmf-dist/tex/latex/biblatex/blx-compat.def
File: blx-compat.def 2025/07/10 v3.21 biblatex compatibility (PK/MW)
)
Package biblatex Info: Trying to load BibTeX backend compatibility...
Package biblatex Info: ... file 'blx-bibtex.def' found.
 (/usr/local/texlive/2025/texmf-dist/tex/latex/biblatex/blx-bibtex.def
File: blx-bibtex.def 2025/07/10 v3.21 biblatex compatibility (PK/MW)


Package biblatex Warning: Using fall-back bibtex backend:
(biblatex)                functionality may be reduced/unavailable.

)
Package biblatex Info: Trying to load generic definitions...
Package biblatex Info: ... file 'biblatex.def' found.
 (/usr/local/texlive/2025/texmf-dist/tex/latex/biblatex/biblatex.def
File: biblatex.def 2025/07/10 v3.21 biblatex compatibility (PK/MW)
\c@textcitecount=\count492
\c@textcitetotal=\count493
\c@textcitemaxnames=\count494
\c@biburlbigbreakpenalty=\count495
\c@biburlbreakpenalty=\count496
\c@biburlnumpenalty=\count497
\c@biburlucpenalty=\count498
\c@biburllcpenalty=\count499
\biburlbigskip=\muskip19
\biburlnumskip=\muskip20
\biburlucskip=\muskip21
\biburllcskip=\muskip22
\c@smartand=\count500
)
Package biblatex Info: Trying to load bibliography style 'ieee'...
Package biblatex Info: ... file 'ieee.bbx' found.
 (/usr/local/texlive/2025/texmf-dist/tex/latex/biblatex-ieee/ieee.bbx
File: ieee.bbx 2025-08-01 v1.4f biblatex bibliography style
Package biblatex Info: Trying to load bibliography style 'numeric-comp'...
Package biblatex Info: ... file 'numeric-comp.bbx' found.
 (/usr/local/texlive/2025/texmf-dist/tex/latex/biblatex/bbx/numeric-comp.bbx
File: numeric-comp.bbx 2025/07/10 v3.21 biblatex bibliography style (PK/MW)
Package biblatex Info: Trying to load bibliography style 'numeric'...
Package biblatex Info: ... file 'numeric.bbx' found.
 (/usr/local/texlive/2025/texmf-dist/tex/latex/biblatex/bbx/numeric.bbx
File: numeric.bbx 2025/07/10 v3.21 biblatex bibliography style (PK/MW)
Package biblatex Info: Trying to load bibliography style 'standard'...
Package biblatex Info: ... file 'standard.bbx' found.
 (/usr/local/texlive/2025/texmf-dist/tex/latex/biblatex/bbx/standard.bbx
File: standard.bbx 2025/07/10 v3.21 biblatex bibliography style (PK/MW)
\c@bbx:relatedcount=\count501
\c@bbx:relatedtotal=\count502
))))
Package biblatex Info: Trying to load citation style 'ieee'...
Package biblatex Info: ... file 'ieee.cbx' found.
 (/usr/local/texlive/2025/texmf-dist/tex/latex/biblatex-ieee/ieee.cbx
File: ieee.cbx 2025-08-01 v1.4f biblatex citation style
Package biblatex Info: Trying to load citation style 'numeric-verb'...
Package biblatex Info: ... file 'numeric-verb.cbx' found.
 (/usr/local/texlive/2025/texmf-dist/tex/latex/biblatex/cbx/numeric-verb.cbx
File: numeric-verb.cbx 2025/07/10 v3.21 biblatex citation style (PK/MW)
Package biblatex Info: Redefining '\cite'.
Package biblatex Info: Redefining '\parencite'.
Package biblatex Info: Redefining '\footcite'.
Package biblatex Info: Redefining '\footcitetext'.
Package biblatex Info: Redefining '\smartcite'.
Package biblatex Info: Redefining '\textcite'.
Package biblatex Info: Redefining '\supercite'.
Package biblatex Info: Redefining '\parencites'.
Package biblatex Info: Redefining '\smartcites'.
Package biblatex Info: Redefining '\textcites'.
))
Package biblatex Info: Trying to load configuration file...
Package biblatex Info: ... file 'biblatex.cfg' found.
 (/usr/local/texlive/2025/texmf-dist/tex/latex/biblatex/biblatex.cfg
File: biblatex.cfg 
)
Package biblatex Info: Input encoding 'utf8' detected.
Package biblatex Info: Document encoding is UTF8 ....
 (/usr/local/texlive/2025/texmf-dist/tex/latex/l3kernel/expl3.sty
Package: expl3 2025-12-29 L3 programming layer (loader) 
 (/usr/local/texlive/2025/texmf-dist/tex/latex/l3backend/l3backend-pdftex.def
File: l3backend-pdftex.def 2025-10-09 L3 backend support: PDF output (pdfTeX)
\l__color_backend_stack_int=\count503
))
Package biblatex Info: ... and expl3
(biblatex)             2025-12-29 L3 programming layer (loader) 
(biblatex)             is new enough (at least 2020/04/06),
(biblatex)             setting 'casechanger=expl3'.
 (/usr/local/texlive/2025/texmf-dist/tex/latex/biblatex/blx-case-expl3.sty (/usr/local/texlive/2025/texmf-dist/tex/latex/l3packages/xparse/xparse.sty
Package: xparse 2025-10-09 L3 Experimental document command parser
)
Package: blx-case-expl3 2025/07/10 v3.21 expl3 case changing code for biblatex
))

LaTeX Warning: \include should only be used after \begin{document} on input line 61.

No file lstlisting.
(./Tu_viet_tat.tex) (/usr/local/texlive/2025/texmf-dist/tex/latex/hyperref/hyperref.sty
Package: hyperref 2025-07-12 v7.01o Hypertext links for LaTeX
 (/usr/local/texlive/2025/texmf-dist/tex/generic/kvdefinekeys/kvdefinekeys.sty
Package: kvdefinekeys 2019-12-19 v1.6 Define keys (HO)
) (/usr/local/texlive/2025/texmf-dist/tex/generic/pdfescape/pdfescape.sty
Package: pdfescape 2019/12/09 v1.15 Implements pdfTeX's escape features (HO)
) (/usr/local/texlive/2025/texmf-dist/tex/latex/hycolor/hycolor.sty
Package: hycolor 2020-01-27 v1.10 Color options for hyperref/bookmark (HO)
) (/usr/local/texlive/2025/texmf-dist/tex/latex/hyperref/nameref.sty
Package: nameref 2025-06-21 v2.57 Cross-referencing by name of section
 (/usr/local/texlive/2025/texmf-dist/tex/latex/refcount/refcount.sty
Package: refcount 2019/12/15 v3.6 Data extraction from label references (HO)
) (/usr/local/texlive/2025/texmf-dist/tex/generic/gettitlestring/gettitlestring.sty
Package: gettitlestring 2019/12/15 v1.6 Cleanup title references (HO)
)
\c@section@level=\count504
) (/usr/local/texlive/2025/texmf-dist/tex/generic/stringenc/stringenc.sty
Package: stringenc 2019/11/29 v1.12 Convert strings between diff. encodings (HO)
)
\@linkdim=\dimen279
\Hy@linkcounter=\count505
\Hy@pagecounter=\count506
 (/usr/local/texlive/2025/texmf-dist/tex/latex/hyperref/pd1enc.def
File: pd1enc.def 2025-07-12 v7.01o Hyperref: PDFDocEncoding definition (HO)
Now handling font encoding PD1 ...
... no UTF-8 mapping file for font encoding PD1
) (/usr/local/texlive/2025/texmf-dist/tex/generic/intcalc/intcalc.sty
Package: intcalc 2019/12/15 v1.3 Expandable calculations with integers (HO)
)
\Hy@SavedSpaceFactor=\count507
 (/usr/local/texlive/2025/texmf-dist/tex/latex/hyperref/puenc.def
File: puenc.def 2025-07-12 v7.01o Hyperref: PDF Unicode definition (HO)
Now handling font encoding PU ...
... no UTF-8 mapping file for font encoding PU
)
Package hyperref Info: Hyper figures OFF on input line 4195.
Package hyperref Info: Link nesting OFF on input line 4200.
Package hyperref Info: Hyper index ON on input line 4203.
Package hyperref Info: Plain pages OFF on input line 4210.
Package hyperref Info: Backreferencing OFF on input line 4215.
Package hyperref Info: Implicit mode ON; LaTeX internals redefined.
Package hyperref Info: Bookmarks ON on input line 4462.
\c@Hy@tempcnt=\count508
LaTeX Info: Redefining \url on input line 4801.
\XeTeXLinkMargin=\dimen280
 (/usr/local/texlive/2025/texmf-dist/tex/generic/bitset/bitset.sty
Package: bitset 2019/12/09 v1.3 Handle bit-vector datatype (HO)
 (/usr/local/texlive/2025/texmf-dist/tex/generic/bigintcalc/bigintcalc.sty
Package: bigintcalc 2019/12/15 v1.5 Expandable calculations on big integers (HO)
))
\Fld@menulength=\count509
\Field@Width=\dimen281
\Fld@charsize=\dimen282
Package hyperref Info: Hyper figures OFF on input line 6078.
Package hyperref Info: Link nesting OFF on input line 6083.
Package hyperref Info: Hyper index ON on input line 6086.
Package hyperref Info: backreferencing OFF on input line 6093.
Package hyperref Info: Link coloring OFF on input line 6098.
Package hyperref Info: Link coloring with OCG OFF on input line 6103.
Package hyperref Info: PDF/A mode OFF on input line 6108.
\Hy@abspage=\count510
\c@Item=\count511
\c@Hfootnote=\count512
)
Package hyperref Info: Driver (autodetected): hpdftex.
 (/usr/local/texlive/2025/texmf-dist/tex/latex/hyperref/hpdftex.def
File: hpdftex.def 2025-07-12 v7.01o Hyperref driver for pdfTeX
\Fld@listcount=\count513
\c@bookmark@seq@number=\count514
 (/usr/local/texlive/2025/texmf-dist/tex/latex/rerunfilecheck/rerunfilecheck.sty
Package: rerunfilecheck 2025-06-21 v1.11 Rerun checks for auxiliary files (HO)
 (/usr/local/texlive/2025/texmf-dist/tex/generic/uniquecounter/uniquecounter.sty
Package: uniquecounter 2019/12/15 v1.4 Provide unlimited unique counter (HO)
)
Package uniquecounter Info: New unique counter `rerunfilecheck' on input line 284.
)
\Hy@SectionHShift=\skip132
) (/usr/local/texlive/2025/texmf-dist/tex/latex/hypcap/hypcap.sty
Package: hypcap 2024-07-26 v1.13 Adjusting the anchors of captions (HO)
 (/usr/local/texlive/2025/texmf-dist/tex/latex/letltxmacro/letltxmacro.sty
Package: letltxmacro 2019/12/03 v1.6 Let assignment for LaTeX macros (HO)
))
\c@example=\count515
\@quotelevel=\count516
\@quotereset=\count517
LaTeX Font Info:    Trying to load font information for T5+ptm on input line 165.
 (/usr/local/texlive/2025/texmf-dist/tex/latex/vntex/t5ptm.fd
File: t5utm.fd 2005/08/24 Fontinst v1.929 font definitions for T5/ptm.
)

LaTeX Warning: Unused global option(s):
    [13pt,3p].

(./20232006p.aux
\g__glossaries_gls_ref_acronym_int=\count518
)
\openout1 = `20232006p.aux'.

LaTeX Font Info:    Checking defaults for OML/cmm/m/it on input line 165.
LaTeX Font Info:    ... okay on input line 165.
LaTeX Font Info:    Checking defaults for OMS/cmsy/m/n on input line 165.
LaTeX Font Info:    ... okay on input line 165.
LaTeX Font Info:    Checking defaults for OT1/cmr/m/n on input line 165.
LaTeX Font Info:    ... okay on input line 165.
LaTeX Font Info:    Checking defaults for T1/cmr/m/n on input line 165.
LaTeX Font Info:    ... okay on input line 165.
LaTeX Font Info:    Checking defaults for TS1/cmr/m/n on input line 165.
LaTeX Font Info:    ... okay on input line 165.
LaTeX Font Info:    Checking defaults for OMX/cmex/m/n on input line 165.
LaTeX Font Info:    ... okay on input line 165.
LaTeX Font Info:    Checking defaults for U/cmr/m/n on input line 165.
LaTeX Font Info:    ... okay on input line 165.
LaTeX Font Info:    Checking defaults for T5/cmr/m/n on input line 165.
LaTeX Font Info:    ... okay on input line 165.
LaTeX Font Info:    Checking defaults for PD1/pdf/m/n on input line 165.
LaTeX Font Info:    ... okay on input line 165.
LaTeX Font Info:    Checking defaults for PU/pdf/m/n on input line 165.
LaTeX Font Info:    ... okay on input line 165.

*geometry* driver: auto-detecting
*geometry* detected driver: pdftex
*geometry* verbose mode - [ preamble ] result:
* driver: pdftex
* paper: a4paper
* layout: <same size as paper>
* layoutoffset:(h,v)=(0.0pt,0.0pt)
* modes: twoside 
* h-part:(L,W,R)=(99.58464pt, 426.79135pt, 71.13188pt)
* v-part:(T,H,B)=(56.9055pt, 731.23584pt, 56.9055pt)
* \paperwidth=597.50787pt
* \paperheight=845.04684pt
* \textwidth=426.79135pt
* \textheight=731.23584pt
* \oddsidemargin=27.31465pt
* \evensidemargin=-1.1381pt
* \topmargin=-52.36449pt
* \headheight=18.0pt
* \headsep=25.0pt
* \topskip=10.0pt
* \footskip=30.0pt
* \marginparwidth=111.0pt
* \marginparsep=11.0pt
* \columnsep=10.0pt
* \skip\footins=11.69997pt plus 5.19942pt minus 2.60054pt
* \hoffset=0.0pt
* \voffset=0.0pt
* \mag=1000
* \@twocolumnfalse
* \@twosidetrue
* \@mparswitchtrue
* \@reversemarginfalse
* (1in=72.27pt=25.4mm, 1cm=28.453pt)

(/usr/local/texlive/2025/texmf-dist/tex/context/base/mkii/supp-pdf.mkii
[Loading MPS to PDF converter (version 2006.09.02).]
\scratchcounter=\count519
\scratchdimen=\dimen283
\scratchbox=\box82
\nofMPsegments=\count520
\nofMParguments=\count521
\everyMPshowfont=\toks56
\MPscratchCnt=\count522
\MPscratchDim=\dimen284
\MPnumerator=\count523
\makeMPintoPDFobject=\count524
\everyMPtoPDFconversion=\toks57
) (/usr/local/texlive/2025/texmf-dist/tex/latex/epstopdf-pkg/epstopdf-base.sty
Package: epstopdf-base 2020-01-24 v2.11 Base part for package epstopdf
 (/usr/local/texlive/2025/texmf-dist/tex/latex/grfext/grfext.sty
Package: grfext 2019/12/03 v1.3 Manage graphics extensions (HO)
)
Package epstopdf-base Info: Redefining graphics rule for `.eps' on input line 485.
Package grfext Info: Graphics extension search list:
(grfext)             [.pdf,.png,.jpg,.mps,.jpeg,.jbig2,.jb2,.PDF,.PNG,.JPG,.JPEG,.JBIG2,.JB2,.eps]
(grfext)             \AppendGraphicsExtensions on input line 504.
 (/usr/local/texlive/2025/texmf-dist/tex/latex/latexconfig/epstopdf-sys.cfg
File: epstopdf-sys.cfg 2010/07/13 v1.3 Configuration of (r)epstopdf for TeX Live
))
Package caption Info: Begin \AtBeginDocument code.
Package caption Info: float package is loaded.
Package caption Info: hyperref package is loaded.
Package caption Info: hypcap package is loaded.
Package caption Info: listings package is loaded.
Package caption Info: longtable package is loaded.
 (/usr/local/texlive/2025/texmf-dist/tex/latex/caption/ltcaption.sty
Package: ltcaption 2021/01/08 v1.4c longtable captions (AR)
)
Package caption Info: supertabular package is loaded.
Package caption Info: End \AtBeginDocument code.
\c@lstlisting=\count525
Package biblatex Info: Trying to load language 'english'...
Package biblatex Info: ... file 'english.lbx' found.
 (/usr/local/texlive/2025/texmf-dist/tex/latex/biblatex/lbx/english.lbx
File: english.lbx 2025/07/10 v3.21 biblatex localization (PK/MW)
)
Package biblatex Info: Input encoding 'utf8' detected.
Package biblatex Info: Automatic encoding selection.
(biblatex)             Assuming data encoding 'utf8'.
Package biblatex Info: Input encoding 'utf8' detected.
Package biblatex Info: Data encoding 'utf8' specified.
(biblatex)             No need to reencode data.
\openout4 = `20232006p-blx.bib'.

Package biblatex Info: Trying to load bibliographic data...
Package biblatex Info: ... file '20232006p.bbl' found.
 (./20232006p.bbl)
Package biblatex Info: Reference section=0 on input line 165.
Package biblatex Info: Reference segment=0 on input line 165.
Package hyperref Info: Link coloring OFF on input line 165.
 (./20232006p.out) (./20232006p.out)
\@outlinefile=\write5
\openout5 = `20232006p.out'.

 (./Bia.tex
LaTeX Font Info:    Calculating math sizes for size <13> on input line 43.


LaTeX Font Warning: Font shape `OT1/cmr/m/n' in size <6.5> not available
(Font)              size <6> substituted on input line 43.


LaTeX Font Warning: Font shape `OML/cmm/m/it' in size <13> not available
(Font)              size <12> substituted on input line 43.


LaTeX Font Warning: Font shape `OML/cmm/m/it' in size <6.5> not available
(Font)              size <6> substituted on input line 43.


LaTeX Font Warning: Font shape `OMS/cmsy/m/n' in size <13> not available
(Font)              size <12> substituted on input line 43.


LaTeX Font Warning: Font shape `OMS/cmsy/m/n' in size <6.5> not available
(Font)              size <6> substituted on input line 43.

LaTeX Font Info:    Trying to load font information for U+lasy on input line 43.
(/usr/local/texlive/2025/texmf-dist/tex/latex/base/ulasy.fd
File: ulasy.fd 1998/08/17 v2.2e LaTeX symbol font definitions
)

LaTeX Font Warning: Font shape `U/lasy/m/n' in size <13> not available
(Font)              size <12> substituted on input line 43.


LaTeX Font Warning: Font shape `U/lasy/m/n' in size <6.5> not available
(Font)              size <6> substituted on input line 43.

LaTeX Font Info:    Trying to load font information for U+msa on input line 43.
(/usr/local/texlive/2025/texmf-dist/tex/latex/amsfonts/umsa.fd
File: umsa.fd 2013/01/14 v3.01 AMS symbols A
)
LaTeX Font Info:    Trying to load font information for U+msb on input line 43.
 (/usr/local/texlive/2025/texmf-dist/tex/latex/amsfonts/umsb.fd
File: umsb.fd 2013/01/14 v3.01 AMS symbols B
) [1

{/usr/local/texlive/2025/texmf-var/fonts/map/pdftex/updmap/pdftex.map}{/usr/local/texlive/2025/texmf-dist/fonts/enc/dvips/vntex/t5.enc}]) (./Bia_lot.tex
Underfull \vbox (badness 2401) has occurred while \output is active []


pdfTeX warning (ext4): destination with the same identifier (name{page.1}) has been already used, duplicate ignored
<to be read again> 
                   \relax 
l.45 \end{titlepage}
                     [1]) (./Chuong/0_2_Loi_cam_on.tex) [1] (./Chuong/0_3_Tom_tat_noi_dung.tex)
pdfTeX warning (ext4): destination with the same identifier (name{page.}) has been already used, duplicate ignored
<to be read again> 
                   \relax 
l.191 \newpage
               [1] (./20232006p.toc
Underfull \vbox (badness 10000) has occurred while \output is active []

 [1

]
Underfull \vbox (badness 10000) has occurred while \output is active []

 [2]
Underfull \vbox (badness 10000) has occurred while \output is active []

 [3])
\tf@toc=\write6
\openout6 = `20232006p.toc'.

 [4] (./20232006p.lof [5



])
\tf@lof=\write7
\openout7 = `20232006p.lof'.

 [6] (./20232006p.lot)
\tf@lot=\write8
\openout8 = `20232006p.lot'.



Package glossaries Warning: Empty glossary for \printnoidxglossary[type={main}]. Rerun may be required (or you may have forgotten to use commands like \gls) on input line 247.


Package glossaries Info: Preparing to sort glossary `acronym' (total number of
(glossaries)             referenced entries: 11)

[7

] [8


]
Ch\uhorn \ohorn ng 1.
(./Chuong/1_Gioi_thieu.tex
Underfull \vbox (badness 10000) has occurred while \output is active []


pdfTeX warning (ext4): destination with the same identifier (name{page.1}) has been already used, duplicate ignored
<to be read again> 
                   \relax 
l.16 
      [1

]
Underfull \vbox (badness 10000) has occurred while \output is active []

 [2]) [3]
Ch\uhorn \ohorn ng 2.
(./Chuong/2_Khao_sat.tex
Underfull \vbox (badness 10000) has occurred while \output is active []

 [4

]
<Hinhve/Biểu đồ Use Case final.png, id=700, 4839.07875pt x 8675.41125pt>
File: Hinhve/Biểu đồ Use Case final.png Graphic file (type png)
<use Hinhve/Biểu đồ Use Case final.png>
Package pdftex.def Info: Hinhve/Biểu đồ Use Case final.png  used on input line 20.
(pdftex.def)             Requested size: 320.0935pt x 573.84973pt.
 [5 <./Hinhve/Biểu đồ Use Case final.png>]
<Hinhve/Biểu đồ use case phân rã Quản lý nhân viên.png, id=707, 2063.71pt x 3256.165pt>
File: Hinhve/Biểu đồ use case phân rã Quản lý nhân viên.png Graphic file (type png)
<use Hinhve/Biểu đồ use case phân rã Quản lý nhân viên.png>
Package pdftex.def Info: Hinhve/Biểu đồ use case phân rã Quản lý nhân viên.png  used on input line 31.
(pdftex.def)             Requested size: 320.0935pt x 505.04816pt.

Underfull \vbox (badness 10000) has occurred while \output is active []

 [6]
<Hinhve/Biểu đồ use case phân rã Quản lý thực đơn và giá.png, id=712, 2063.71pt x 3256.165pt>
File: Hinhve/Biểu đồ use case phân rã Quản lý thực đơn và giá.png Graphic file (type png)
<use Hinhve/Biểu đồ use case phân rã Quản lý thực đơn và giá.png>
Package pdftex.def Info: Hinhve/Biểu đồ use case phân rã Quản lý thực đơn và giá.png  used on input line 43.
(pdftex.def)             Requested size: 320.0935pt x 505.04816pt.

Underfull \vbox (badness 10000) has occurred while \output is active []

 [7 <./Hinhve/Biểu đồ use case phân rã Quản lý nhân viên.png>]
<Hinhve/Biểu đồ use case phân rã Quản lý bàn ăn.png, id=719, 2063.71pt x 2372.865pt>
File: Hinhve/Biểu đồ use case phân rã Quản lý bàn ăn.png Graphic file (type png)
<use Hinhve/Biểu đồ use case phân rã Quản lý bàn ăn.png>
Package pdftex.def Info: Hinhve/Biểu đồ use case phân rã Quản lý bàn ăn.png  used on input line 55.
(pdftex.def)             Requested size: 320.0935pt x 368.04373pt.

Underfull \vbox (badness 10000) has occurred while \output is active []

 [8 <./Hinhve/Biểu đồ use case phân rã Quản lý thực đơn và giá.png>]
<Hinhve/Biểu đồ use case phân rã Quản lý đơn hàng.png, id=725, 2621.795pt x 4139.465pt>
File: Hinhve/Biểu đồ use case phân rã Quản lý đơn hàng.png Graphic file (type png)
<use Hinhve/Biểu đồ use case phân rã Quản lý đơn hàng.png>
Package pdftex.def Info: Hinhve/Biểu đồ use case phân rã Quản lý đơn hàng.png  used on input line 67.
(pdftex.def)             Requested size: 320.0935pt x 505.36772pt.

Underfull \vbox (badness 10000) has occurred while \output is active []

 [9 <./Hinhve/Biểu đồ use case phân rã Quản lý bàn ăn.png>]
<Hinhve/Biểu đồ use case phân rã Quản lý nguyên liệu.png, id=731, 2063.71pt x 3256.165pt>
File: Hinhve/Biểu đồ use case phân rã Quản lý nguyên liệu.png Graphic file (type png)
<use Hinhve/Biểu đồ use case phân rã Quản lý nguyên liệu.png>
Package pdftex.def Info: Hinhve/Biểu đồ use case phân rã Quản lý nguyên liệu.png  used on input line 78.
(pdftex.def)             Requested size: 320.0935pt x 505.04816pt.

Underfull \vbox (badness 10000) has occurred while \output is active []

 [10 <./Hinhve/Biểu đồ use case phân rã Quản lý đơn hàng.png>]
<Hinhve/Biểu đồ hoạt động đặt hàng trực tuyến.png, id=738, 2854.665pt x 5062.915pt>
File: Hinhve/Biểu đồ hoạt động đặt hàng trực tuyến.png Graphic file (type png)
<use Hinhve/Biểu đồ hoạt động đặt hàng trực tuyến.png>
Package pdftex.def Info: Hinhve/Biểu đồ hoạt động đặt hàng trực tuyến.png  used on input line 93.
(pdftex.def)             Requested size: 320.0935pt x 567.66066pt.
 [11 <./Hinhve/Biểu đồ use case phân rã Quản lý nguyên liệu.png>] [12 <./Hinhve/Biểu đồ hoạt động đặt hàng trực tuyến.png>]
<Hinhve/Biểu đồ hoạt động tạo đơn hàng.png, id=749, 4420.515pt x 5464.415pt>
File: Hinhve/Biểu đồ hoạt động tạo đơn hàng.png Graphic file (type png)
<use Hinhve/Biểu đồ hoạt động tạo đơn hàng.png>
Package pdftex.def Info: Hinhve/Biểu đồ hoạt động tạo đơn hàng.png  used on input line 102.
(pdftex.def)             Requested size: 320.0935pt x 395.63882pt.

Underfull \vbox (badness 1173) has occurred while \output is active []

 [13 <./Hinhve/Biểu đồ hoạt động tạo đơn hàng.png>]
Underfull \hbox (badness 10000) in paragraph at lines 132--132
[]|\T5/ptm/m/n/13 Kh�ch
 []


Underfull \hbox (badness 10000) in paragraph at lines 136--136
[]|\T5/ptm/m/n/13 Kh�ch
 []


Underfull \hbox (badness 10000) in paragraph at lines 138--138
[]|\T5/ptm/m/n/13 Kh�ch
 []


Underfull \hbox (badness 10000) in paragraph at lines 140--140
[]|\T5/ptm/m/n/13 Kh�ch
 []


Underfull \hbox (badness 10000) in paragraph at lines 144--144
[]|\T5/ptm/m/n/13 Kh�ch
 []


Overfull \hbox (0.60365pt too wide) in paragraph at lines 128--150
[]|[]
 []


Underfull \hbox (badness 10000) in paragraph at lines 153--153
[]|\T5/ptm/b/n/13 K�ch b�n kh�c
 []


Underfull \hbox (badness 6944) in paragraph at lines 153--153
\T5/ptm/b/n/13 (Lu�ng s� ki�n
 []


Overfull \hbox (0.60365pt too wide) in paragraph at lines 155--165
[]|[]
 []


Overfull \hbox (1.19998pt too wide) in alignment at lines 114--168
 [] [] 
 []

./Chuong/2_Khao_sat.tex:168: ignored error: Infinite glue shrinkage found in box being split [14]
Overfull \hbox (0.60365pt too wide) in paragraph at lines 188--204
[]|[]
 []


Underfull \hbox (badness 10000) in paragraph at lines 207--207
[]|\T5/ptm/b/n/13 K�ch b�n kh�c
 []


Underfull \hbox (badness 6944) in paragraph at lines 207--207
\T5/ptm/b/n/13 (Lu�ng s� ki�n
 []


Overfull \hbox (0.60365pt too wide) in paragraph at lines 209--219
[]|[]
 []


Overfull \hbox (1.19998pt too wide) in alignment at lines 174--222
 [] [] 
 []

./Chuong/2_Khao_sat.tex:222: ignored error: Infinite glue shrinkage found in box being split [15]
Overfull \hbox (0.60365pt too wide) in paragraph at lines 242--260
[]|[]
 []


Underfull \hbox (badness 10000) in paragraph at lines 263--263
[]|\T5/ptm/b/n/13 K�ch b�n kh�c
 []


Underfull \hbox (badness 6944) in paragraph at lines 263--263
\T5/ptm/b/n/13 (Lu�ng s� ki�n
 []


Underfull \hbox (badness 10000) in paragraph at lines 271--271
[]|\T5/ptm/m/n/13 Kh�ch
 []


Overfull \hbox (0.60365pt too wide) in paragraph at lines 265--279
[]|[]
 []


Overfull \hbox (1.19998pt too wide) in alignment at lines 228--282
 [] [] 
 []

./Chuong/2_Khao_sat.tex:282: ignored error: Infinite glue shrinkage found in box being split [16]
Underfull \hbox (badness 1838) in paragraph at lines 310--311
\T5/ptm/m/n/13 t�i kho�n (T�n ^^_�ng nh�p, M�t
 []


Overfull \hbox (0.60365pt too wide) in paragraph at lines 302--320
[]|[]
 []


Underfull \hbox (badness 10000) in paragraph at lines 323--323
[]|\T5/ptm/b/n/13 K�ch b�n kh�c
 []


Underfull \hbox (badness 6944) in paragraph at lines 323--323
\T5/ptm/b/n/13 (Lu�ng s� ki�n
 []


Overfull \hbox (0.60365pt too wide) in paragraph at lines 325--333
[]|[]
 []


Overfull \hbox (1.19998pt too wide) in alignment at lines 288--336
 [] [] 
 []

./Chuong/2_Khao_sat.tex:336: ignored error: Infinite glue shrinkage found in box being split [17] [18]
Underfull \vbox (badness 10000) has occurred while \output is active []

 [19]) [20]
Ch\uhorn \ohorn ng 3.
(./Chuong/3_Cong_nghe.tex
LaTeX Font Info:    Trying to load font information for T5+pcr on input line 16.
 (/usr/local/texlive/2025/texmf-dist/tex/latex/vntex/t5pcr.fd
File: t5ucr.fd 2005/08/24 Fontinst v1.929 font definitions for T5/pcr.
)
Underfull \vbox (badness 10000) has occurred while \output is active []

 [21

]
Underfull \vbox (badness 10000) has occurred while \output is active []

 [22]
Underfull \vbox (badness 10000) has occurred while \output is active []

 [23]) [24]
Ch\uhorn \ohorn ng 4.
(./Chuong/4_Ket_qua_thuc_nghiem.tex
<Hinhve/Kien_truc_client_server_tong_quan.png, id=815, 5131.17pt x 2449.15pt>
File: Hinhve/Kien_truc_client_server_tong_quan.png Graphic file (type png)
<use Hinhve/Kien_truc_client_server_tong_quan.png>
Package pdftex.def Info: Hinhve/Kien_truc_client_server_tong_quan.png  used on input line 14.
(pdftex.def)             Requested size: 362.77525pt x 173.13971pt.
<Hinhve/Kien_truc_client_server_do_an.png, id=816, 4777.85pt x 2449.15pt>
File: Hinhve/Kien_truc_client_server_do_an.png Graphic file (type png)
<use Hinhve/Kien_truc_client_server_do_an.png>
Package pdftex.def Info: Hinhve/Kien_truc_client_server_do_an.png  used on input line 25.
(pdftex.def)             Requested size: 384.1096pt x 196.87027pt.

Underfull \vbox (badness 10000) has occurred while \output is active []

 [25

 <./Hinhve/Kien_truc_client_server_tong_quan.png>]
<Hinhve/Biểu đồ phụ thuộc gói final.png, id=823, 2814.515pt x 3898.565pt>
File: Hinhve/Biểu đồ phụ thuộc gói final.png Graphic file (type png)
<use Hinhve/Biểu đồ phụ thuộc gói final.png>
Package pdftex.def Info: Hinhve/Biểu đồ phụ thuộc gói final.png  used on input line 44.
(pdftex.def)             Requested size: 320.0935pt x 443.35837pt.

Underfull \vbox (badness 10000) has occurred while \output is active []

 [26 <./Hinhve/Kien_truc_client_server_do_an.png>]
Underfull \vbox (badness 10000) has occurred while \output is active []

 [27 <./Hinhve/Biểu đồ phụ thuộc gói final.png>]
Overfull \vbox (34.57397pt too high) has occurred while \output is active []

 [28]
<Hinhve/Biểu đồ thiết kế gói Controller final.png, id=839, 3416.765pt x 2653.915pt>
File: Hinhve/Biểu đồ thiết kế gói Controller final.png Graphic file (type png)
<use Hinhve/Biểu đồ thiết kế gói Controller final.png>
Package pdftex.def Info: Hinhve/Biểu đồ thiết kế gói Controller final.png  used on input line 142.
(pdftex.def)             Requested size: 320.0935pt x 248.60144pt.
 [29 <./Hinhve/Biểu đồ thiết kế gói Controller final.png>]
<Hinhve/Giao diện bán hàng chính.png, id=845, 2826.56pt x 1541.76pt>
File: Hinhve/Giao diện bán hàng chính.png Graphic file (type png)
<use Hinhve/Giao diện bán hàng chính.png>
Package pdftex.def Info: Hinhve/Giao diện bán hàng chính.png  used on input line 165.
(pdftex.def)             Requested size: 320.0935pt x 174.5815pt.
<Hinhve/Giao diện báo cáo thống kê.png, id=846, 1027.84pt x 561.09625pt>
File: Hinhve/Giao diện báo cáo thống kê.png Graphic file (type png)
<use Hinhve/Giao diện báo cáo thống kê.png>
Package pdftex.def Info: Hinhve/Giao diện báo cáo thống kê.png  used on input line 172.
(pdftex.def)             Requested size: 320.0935pt x 174.73427pt.

Underfull \vbox (badness 10000) has occurred while \output is active []

 [30 <./Hinhve/Giao diện bán hàng chính.png (PNG copy)>]
<Hinhve/Giao diện đặt hàng.png, id=851, 1027.84pt x 561.09625pt>
File: Hinhve/Giao diện đặt hàng.png Graphic file (type png)
<use Hinhve/Giao diện đặt hàng.png>
Package pdftex.def Info: Hinhve/Giao diện đặt hàng.png  used on input line 179.
(pdftex.def)             Requested size: 320.0935pt x 174.73427pt.
<Hinhve/Giao diện giỏ hàng.png, id=852, 2826.56pt x 1541.76pt>
File: Hinhve/Giao diện giỏ hàng.png Graphic file (type png)
<use Hinhve/Giao diện giỏ hàng.png>
Package pdftex.def Info: Hinhve/Giao diện giỏ hàng.png  used on input line 186.
(pdftex.def)             Requested size: 320.0935pt x 174.5815pt.
<Hinhve/Giao diện popup thanh toán nhanh.png, id=853, 2119.92pt x 1156.32pt>
File: Hinhve/Giao diện popup thanh toán nhanh.png Graphic file (type png)
<use Hinhve/Giao diện popup thanh toán nhanh.png>
Package pdftex.def Info: Hinhve/Giao diện popup thanh toán nhanh.png  used on input line 193.
(pdftex.def)             Requested size: 320.0935pt x 174.58737pt.

Underfull \vbox (badness 10000) has occurred while \output is active []

 [31 <./Hinhve/Giao diện báo cáo thống kê.png> <./Hinhve/Giao diện đặt hàng.png> <./Hinhve/Giao diện giỏ hàng.png (PNG copy)>]
<Hinhve/Giao diện quản lý bàn ăn.png, id=859, 1027.84pt x 561.09625pt>
File: Hinhve/Giao diện quản lý bàn ăn.png Graphic file (type png)
<use Hinhve/Giao diện quản lý bàn ăn.png>
Package pdftex.def Info: Hinhve/Giao diện quản lý bàn ăn.png  used on input line 200.
(pdftex.def)             Requested size: 320.0935pt x 174.73427pt.
<Hinhve/Giao diện quản lý đơn hàng.png, id=860, 2826.56pt x 1541.76pt>
File: Hinhve/Giao diện quản lý đơn hàng.png Graphic file (type png)
<use Hinhve/Giao diện quản lý đơn hàng.png>
Package pdftex.def Info: Hinhve/Giao diện quản lý đơn hàng.png  used on input line 207.
(pdftex.def)             Requested size: 320.0935pt x 174.5815pt.
<Hinhve/Giao diện quản lý nhân viên.png, id=861, 1027.84pt x 561.09625pt>
File: Hinhve/Giao diện quản lý nhân viên.png Graphic file (type png)
<use Hinhve/Giao diện quản lý nhân viên.png>
Package pdftex.def Info: Hinhve/Giao diện quản lý nhân viên.png  used on input line 214.
(pdftex.def)             Requested size: 320.0935pt x 174.73427pt.

Underfull \vbox (badness 10000) has occurred while \output is active []

 [32 <./Hinhve/Giao diện popup thanh toán nhanh.png> <./Hinhve/Giao diện quản lý bàn ăn.png> <./Hinhve/Giao diện quản lý đơn hàng.png (PNG copy)>]
<Hinhve/Giao diện quản lý thực đơn.png, id=867, 1027.84pt x 561.09625pt>
File: Hinhve/Giao diện quản lý thực đơn.png Graphic file (type png)
<use Hinhve/Giao diện quản lý thực đơn.png>
Package pdftex.def Info: Hinhve/Giao diện quản lý thực đơn.png  used on input line 221.
(pdftex.def)             Requested size: 320.0935pt x 174.73427pt.
<Hinhve/Giao diện quản lý tổng quan.png, id=868, 1027.84pt x 561.09625pt>
File: Hinhve/Giao diện quản lý tổng quan.png Graphic file (type png)
<use Hinhve/Giao diện quản lý tổng quan.png>
Package pdftex.def Info: Hinhve/Giao diện quản lý tổng quan.png  used on input line 228.
(pdftex.def)             Requested size: 320.0935pt x 174.73427pt.
<Hinhve/Giao diện trạng thái đơn hàng.png, id=869, 2826.56pt x 1541.76pt>
File: Hinhve/Giao diện trạng thái đơn hàng.png Graphic file (type png)
<use Hinhve/Giao diện trạng thái đơn hàng.png>
Package pdftex.def Info: Hinhve/Giao diện trạng thái đơn hàng.png  used on input line 235.
(pdftex.def)             Requested size: 320.0935pt x 174.5815pt.

Underfull \vbox (badness 10000) has occurred while \output is active []

 [33 <./Hinhve/Giao diện quản lý nhân viên.png> <./Hinhve/Giao diện quản lý thực đơn.png> <./Hinhve/Giao diện quản lý tổng quan.png>]
<Hinhve/Biểu đồ thiết kế lớp Order.png, id=874, 2613.765pt x 3027.31pt>
File: Hinhve/Biểu đồ thiết kế lớp Order.png Graphic file (type png)
<use Hinhve/Biểu đồ thiết kế lớp Order.png>
Package pdftex.def Info: Hinhve/Biểu đồ thiết kế lớp Order.png  used on input line 247.
(pdftex.def)             Requested size: 362.77525pt x 420.17126pt.

Underfull \vbox (badness 10000) has occurred while \output is active []

 [34 <./Hinhve/Giao diện trạng thái đơn hàng.png (PNG copy)> <./Hinhve/Biểu đồ thiết kế lớp Order.png>]
Overfull \hbox (8.39456pt too wide) in paragraph at lines 265--266
[]\T5/ptm/m/n/13 Thi�t k� n�y tu�n theo m� h�nh ki�n tr�c ph�n t�ng Controller-Service-Repository,
 []

<Hinhve/seq_tao_don_hang_simple.png, id=880, 847.165pt x 494.84875pt>
File: Hinhve/seq_tao_don_hang_simple.png Graphic file (type png)
<use Hinhve/seq_tao_don_hang_simple.png>
Package pdftex.def Info: Hinhve/seq_tao_don_hang_simple.png  used on input line 271.
(pdftex.def)             Requested size: 362.77525pt x 211.90492pt.

Underfull \vbox (badness 10000) has occurred while \output is active []

 [35]
<Hinhve/seq_thanh_toan_simple.png, id=885, 785.93625pt x 436.63126pt>
File: Hinhve/seq_thanh_toan_simple.png Graphic file (type png)
<use Hinhve/seq_thanh_toan_simple.png>
Package pdftex.def Info: Hinhve/seq_thanh_toan_simple.png  used on input line 284.
(pdftex.def)             Requested size: 362.77525pt x 201.5457pt.

Underfull \vbox (badness 10000) has occurred while \output is active []

 [36 <./Hinhve/seq_tao_don_hang_simple.png>]
<Hinhve/erd_diagram_new.png, id=891, 651.43375pt x 1078.0275pt>
File: Hinhve/erd_diagram_new.png Graphic file (type png)
<use Hinhve/erd_diagram_new.png>
Package pdftex.def Info: Hinhve/erd_diagram_new.png  used on input line 303.
(pdftex.def)             Requested size: 320.0935pt x 529.71854pt.

Underfull \vbox (badness 10000) has occurred while \output is active []

 [37 <./Hinhve/seq_thanh_toan_simple.png>] [38 <./Hinhve/erd_diagram_new.png>]
Overfull \hbox (4.2117pt too wide) in paragraph at lines 338--338
[]|\T5/ptm/m/n/13 VARCHAR(255)| 
 []


Overfull \hbox (4.2117pt too wide) in paragraph at lines 340--340
[]|\T5/ptm/m/n/13 VARCHAR(100)| 
 []


Overfull \hbox (4.2117pt too wide) in paragraph at lines 342--342
[]|\T5/ptm/m/n/13 VARCHAR(100)| 
 []


Overfull \hbox (4.2117pt too wide) in paragraph at lines 346--346
[]|\T5/ptm/m/n/13 VARCHAR(100)| 
 []


Overfull \hbox (9.14719pt too wide) in paragraph at lines 328--351
 [][] 
 []


Underfull \hbox (badness 10000) in paragraph at lines 364--365
[]|\T5/ptm/m/n/13 T�n vai tr� (AD-MIN, CASHIER,
 []


Overfull \hbox (9.14719pt too wide) in paragraph at lines 358--369
 [][] 
 []


Underfull \vbox (badness 10000) has occurred while \output is active []

 [39]
Overfull \hbox (4.2117pt too wide) in paragraph at lines 386--386
[]|\T5/ptm/m/n/13 VARCHAR(100)| 
 []


Overfull \hbox (4.2117pt too wide) in paragraph at lines 390--390
[]|\T5/ptm/m/n/13 VARCHAR(255)| 
 []


Overfull \hbox (4.2117pt too wide) in paragraph at lines 392--392
[]|\T5/ptm/m/n/13 VARCHAR(100)| 
 []


Overfull \hbox (4.2117pt too wide) in paragraph at lines 394--394
[]|\T5/ptm/m/n/13 VARCHAR(100)| 
 []


Overfull \hbox (4.2117pt too wide) in paragraph at lines 396--396
[]|\T5/ptm/m/n/13 VARCHAR(100)| 
 []


Overfull \hbox (9.14719pt too wide) in paragraph at lines 376--401
 [][] 
 []


Overfull \hbox (4.2117pt too wide) in paragraph at lines 414--414
[]|\T5/ptm/m/n/13 VARCHAR(100)| 
 []


Overfull \hbox (5.2647pt too wide) in paragraph at lines 416--416
[]|\T5/ptm/m/n/13 DECIMAL(10,2)| 
 []


Underfull \hbox (badness 10000) in paragraph at lines 420--421
[]|\T5/ptm/m/n/13 Ph�n lo�i m�n �n (M�N M�N,
 []


Overfull \hbox (9.14719pt too wide) in paragraph at lines 408--429
 [][] 
 []


Underfull \hbox (badness 10000) in paragraph at lines 448--449
[]|\T5/ptm/m/n/13 M� ^^_�n h�ng duy nh�t (VD:
 []


Overfull \hbox (7.25795pt too wide) in paragraph at lines 452--452
[]|\T5/ptm/m/n/13 estimated_pickup_time| 
 []


Overfull \hbox (5.2647pt too wide) in paragraph at lines 454--454
[]|\T5/ptm/m/n/13 DECIMAL(15,2)| 
 []


Underfull \hbox (badness 6510) in paragraph at lines 456--457
[]|\T5/ptm/m/n/13 Tr�ng th�i (PEND-ING, PREPAR-
 []


Overfull \hbox (9.14719pt too wide) in paragraph at lines 436--465
 [][] 
 []


Underfull \vbox (badness 10000) has occurred while \output is active []

 [40]
Overfull \hbox (5.2647pt too wide) in paragraph at lines 484--484
[]|\T5/ptm/m/n/13 DECIMAL(10,2)| 
 []


Overfull \hbox (9.14719pt too wide) in paragraph at lines 472--487
 [][] 
 []


Overfull \hbox (9.14719pt too wide) in paragraph at lines 494--507
 [][] 
 []


Overfull \hbox (9.14719pt too wide) in paragraph at lines 514--531
 [][] 
 []


Underfull \vbox (badness 10000) has occurred while \output is active []

 [41]
Overfull \hbox (5.2647pt too wide) in paragraph at lines 554--554
[]|\T5/ptm/m/n/13 DECIMAL(15,2)| 
 []


Overfull \hbox (5.2647pt too wide) in paragraph at lines 556--556
[]|\T5/ptm/m/n/13 DECIMAL(15,2)| 
 []


Overfull \hbox (5.2647pt too wide) in paragraph at lines 558--558
[]|\T5/ptm/m/n/13 DECIMAL(15,2)| 
 []


Overfull \hbox (9.14719pt too wide) in paragraph at lines 538--561
 [][] 
 []


Overfull \hbox (4.2117pt too wide) in paragraph at lines 574--574
[]|\T5/ptm/m/n/13 VARCHAR(100)| 
 []


Overfull \hbox (5.2647pt too wide) in paragraph at lines 578--578
[]|\T5/ptm/m/n/13 DECIMAL(10,2)| 
 []


Overfull \hbox (5.2647pt too wide) in paragraph at lines 580--580
[]|\T5/ptm/m/n/13 DECIMAL(10,2)| 
 []


Overfull \hbox (5.2647pt too wide) in paragraph at lines 582--582
[]|\T5/ptm/m/n/13 DECIMAL(10,2)| 
 []


Overfull \hbox (9.14719pt too wide) in paragraph at lines 568--589
 [][] 
 []


Overfull \hbox (5.2647pt too wide) in paragraph at lines 608--608
[]|\T5/ptm/m/n/13 DECIMAL(10,2)| 
 []


Overfull \hbox (5.2647pt too wide) in paragraph at lines 610--610
[]|\T5/ptm/m/n/13 DECIMAL(10,2)| 
 []


Overfull \hbox (9.14719pt too wide) in paragraph at lines 596--617
 [][] 
 []


Underfull \vbox (badness 10000) has occurred while \output is active []

 [42]
Overfull \hbox (10.1356pt too wide) in paragraph at lines 634--634
[]|\T5/ptm/b/n/13 STT| 
 []


Underfull \hbox (badness 10000) in paragraph at lines 636--636
[]|\T5/ptm/m/n/13 Text ed-i-tor l�p
 []


Underfull \hbox (badness 10000) in paragraph at lines 636--636
[]|\T5/ptm/m/n/13 Visual Stu-dio
 []


Underfull \hbox (badness 10000) in paragraph at lines 638--638
[]|\T5/ptm/m/n/13 IDE L�p tr�nh
 []


Underfull \hbox (badness 10000) in paragraph at lines 638--638
[]|\T5/ptm/m/n/13 Visual Stu-dio
 []


Underfull \hbox (badness 7796) in paragraph at lines 640--640
[]|\T5/ptm/m/n/13 Framework Fron-
 []


Underfull \hbox (badness 10000) in paragraph at lines 642--642
[]|\T5/ptm/m/n/13 Tailwind CSS
 []


Underfull \hbox (badness 2846) in paragraph at lines 644--644
[]|\T5/ptm/m/n/13 Build Tool Fron-
 []


Underfull \hbox (badness 5175) in paragraph at lines 650--650
[]|\T5/ptm/m/n/13 Framework Back-
 []


Underfull \hbox (badness 10000) in paragraph at lines 650--651
[]|\T5/ptm/m/n/13 https://spring.io/projects/spring-
 []


Underfull \hbox (badness 1024) in paragraph at lines 652--652
[]|\T5/ptm/m/n/13 Qu�n l� th� vi�n
 []


Underfull \hbox (badness 10000) in paragraph at lines 656--657
[]|\T5/ptm/m/n/13 https://spring.io/projects/spring-
 []


Underfull \hbox (badness 10000) in paragraph at lines 660--660
[]|\T5/ptm/m/n/13 ModelMapper
 []


Overfull \hbox (21.54716pt too wide) in paragraph at lines 632--663
 [][] 
 []


Underfull \vbox (badness 10000) has occurred while \output is active []

 [43]
Underfull \vbox (badness 10000) has occurred while \output is active []

 [44]
<Hinhve/Minh họa khách hàng trang chủ.png, id=930, 1399.47844pt x 727.96968pt>
File: Hinhve/Minh họa khách hàng trang chủ.png Graphic file (type png)
<use Hinhve/Minh họa khách hàng trang chủ.png>
Package pdftex.def Info: Hinhve/Minh họa khách hàng trang chủ.png  used on input line 703.
(pdftex.def)             Requested size: 405.45047pt x 210.89474pt.
<Hinhve/Minh họa khách hàng giỏ hàng.png, id=932, 1386.68062pt x 723.45282pt>
File: Hinhve/Minh họa khách hàng giỏ hàng.png Graphic file (type png)
<use Hinhve/Minh họa khách hàng giỏ hàng.png>
Package pdftex.def Info: Hinhve/Minh họa khách hàng giỏ hàng.png  used on input line 712.
(pdftex.def)             Requested size: 405.45047pt x 211.52907pt.

Underfull \vbox (badness 10000) has occurred while \output is active []

 [45 <./Hinhve/Minh họa khách hàng trang chủ.png>]
<Hinhve/Minh họa khách hàng thanh toán.png, id=941, 1393.45593pt x 724.95844pt>
File: Hinhve/Minh họa khách hàng thanh toán.png Graphic file (type png)
<use Hinhve/Minh họa khách hàng thanh toán.png>
Package pdftex.def Info: Hinhve/Minh họa khách hàng thanh toán.png  used on input line 721.
(pdftex.def)             Requested size: 405.45047pt x 210.94052pt.
<Hinhve/Minh họa nhân viên trang chủ.png, id=943, 1388.93906pt x 730.98094pt>
File: Hinhve/Minh họa nhân viên trang chủ.png Graphic file (type png)
<use Hinhve/Minh họa nhân viên trang chủ.png>
Package pdftex.def Info: Hinhve/Minh họa nhân viên trang chủ.png  used on input line 732.
(pdftex.def)             Requested size: 405.45047pt x 213.38443pt.
 [46 <./Hinhve/Minh họa khách hàng giỏ hàng.png> <./Hinhve/Minh họa khách hàng thanh toán.png>]
<Hinhve/Minh họa nhân viên danh sách đơn hàng.png, id=951, 1406.25375pt x 725.71124pt>
File: Hinhve/Minh họa nhân viên danh sách đơn hàng.png Graphic file (type png)
<use Hinhve/Minh họa nhân viên danh sách đơn hàng.png>
Package pdftex.def Info: Hinhve/Minh họa nhân viên danh sách đơn hàng.png  used on input line 741.
(pdftex.def)             Requested size: 405.45047pt x 209.23279pt.
 [47 <./Hinhve/Minh họa nhân viên trang chủ.png> <./Hinhve/Minh họa nhân viên danh sách đơn hàng.png>]
<Hinhve/Minh họa quản lý tổng quan.png, id=960, 1411.52344pt x 727.21687pt>
File: Hinhve/Minh họa quản lý tổng quan.png Graphic file (type png)
<use Hinhve/Minh họa quản lý tổng quan.png>
Package pdftex.def Info: Hinhve/Minh họa quản lý tổng quan.png  used on input line 752.
(pdftex.def)             Requested size: 405.45047pt x 208.89014pt.
<Hinhve/Minh họa quản lý thực đơn.png, id=962, 1396.4672pt x 719.68875pt>
File: Hinhve/Minh họa quản lý thực đơn.png Graphic file (type png)
<use Hinhve/Minh họa quản lý thực đơn.png>
Package pdftex.def Info: Hinhve/Minh họa quản lý thực đơn.png  used on input line 761.
(pdftex.def)             Requested size: 405.45047pt x 208.95697pt.
 [48 <./Hinhve/Minh họa quản lý tổng quan.png> <./Hinhve/Minh họa quản lý thực đơn.png>]
<Hinhve/Minh họa quản lý đơn hàng.png, id=971, 1394.96156pt x 721.94719pt>
File: Hinhve/Minh họa quản lý đơn hàng.png Graphic file (type png)
<use Hinhve/Minh họa quản lý đơn hàng.png>
Package pdftex.def Info: Hinhve/Minh họa quản lý đơn hàng.png  used on input line 770.
(pdftex.def)             Requested size: 405.45047pt x 209.83301pt.
<Hinhve/Minh họa quản lý báo cáo thống kê.png, id=973, 1399.47844pt x 727.96968pt>
File: Hinhve/Minh họa quản lý báo cáo thống kê.png Graphic file (type png)
<use Hinhve/Minh họa quản lý báo cáo thống kê.png>
Package pdftex.def Info: Hinhve/Minh họa quản lý báo cáo thống kê.png  used on input line 779.
(pdftex.def)             Requested size: 405.45047pt x 210.89474pt.
 [49 <./Hinhve/Minh họa quản lý đơn hàng.png> <./Hinhve/Minh họa quản lý báo cáo thống kê.png>]
Overfull \hbox (10.1356pt too wide) in paragraph at lines 799--799
[]|\T5/ptm/b/n/13 STT| 
 []


Underfull \hbox (badness 10000) in paragraph at lines 799--799
[]|\T5/ptm/b/n/13 K�t qu�
 []


Underfull \hbox (badness 10000) in paragraph at lines 799--799
[]|\T5/ptm/b/n/13 K�t qu�
 []


Underfull \hbox (badness 10000) in paragraph at lines 799--800
[]|\T5/ptm/b/n/13 Tr�ng
 []


Underfull \hbox (badness 1448) in paragraph at lines 801--801
[]|\T5/ptm/m/n/13 Kh�ng ch�n m�n
 []


Underfull \hbox (badness 10000) in paragraph at lines 801--801
[]|\T5/ptm/m/n/13 H� th�ng
 []


Underfull \hbox (badness 10000) in paragraph at lines 801--801
\T5/ptm/m/n/13 hi�n th�
 []


Underfull \hbox (badness 1968) in paragraph at lines 801--801
\T5/ptm/m/n/13 th�ng b�o
 []


Underfull \hbox (badness 10000) in paragraph at lines 801--801
\T5/ptm/m/n/13 l�i ^^_�ng
 []


Underfull \hbox (badness 1122) in paragraph at lines 801--801
\T5/ptm/m/n/13 nh� mong
 []


Underfull \hbox (badness 2556) in paragraph at lines 803--803
[]|\T5/ptm/m/n/13 Ch�n 1 m�n, s�
 []


Underfull \hbox (badness 10000) in paragraph at lines 803--803
[]|\T5/ptm/m/n/13 ^^^�n h�ng
 []


Underfull \hbox (badness 10000) in paragraph at lines 803--803
\T5/ptm/m/n/13 ^^_��c t�o,
 []


Underfull \hbox (badness 2903) in paragraph at lines 803--803
[]|\T5/ptm/m/n/13 ^^^�n h�ng
 []


Underfull \hbox (badness 10000) in paragraph at lines 803--803
\T5/ptm/m/n/13 t�o th�nh
 []


Underfull \hbox (badness 2197) in paragraph at lines 803--803
\T5/ptm/m/n/13 ti�n ch�nh
 []


Underfull \hbox (badness 1590) in paragraph at lines 805--805
[]|\T5/ptm/m/n/13 Ch�n m�n c� s�
 []


Underfull \hbox (badness 1796) in paragraph at lines 805--805
\T5/ptm/m/n/13 "M�n �n ^^_�
 []


Underfull \hbox (badness 10000) in paragraph at lines 805--805
[]|\T5/ptm/m/n/13 H� th�ng
 []


Overfull \hbox (46.34714pt too wide) in paragraph at lines 797--808
 [][] 
 []


Overfull \hbox (10.1356pt too wide) in paragraph at lines 818--818
[]|\T5/ptm/b/n/13 STT| 
 []


Underfull \hbox (badness 10000) in paragraph at lines 818--818
[]|\T5/ptm/b/n/13 K�t qu�
 []


Underfull \hbox (badness 10000) in paragraph at lines 818--818
[]|\T5/ptm/b/n/13 K�t qu�
 []


Underfull \hbox (badness 10000) in paragraph at lines 818--819
[]|\T5/ptm/b/n/13 Tr�ng
 []


Underfull \hbox (badness 10000) in paragraph at lines 820--820
[]|\T5/ptm/m/n/13 Thanh to�n ti�n
 []


Underfull \hbox (badness 10000) in paragraph at lines 820--820
[]|\T5/ptm/m/n/13 Tr�ng th�i
 []


Underfull \hbox (badness 4266) in paragraph at lines 820--820
\T5/ptm/m/n/13 "PAID", c�p
 []


Underfull \hbox (badness 10000) in paragraph at lines 820--820
\T5/ptm/m/n/13 nh�t doanh
 []


Underfull \hbox (badness 10000) in paragraph at lines 820--820
[]|\T5/ptm/m/n/13 Tr�ng
 []


Underfull \hbox (badness 10000) in paragraph at lines 820--820
\T5/ptm/m/n/13 th�i c�p
 []


Underfull \hbox (badness 1968) in paragraph at lines 820--820
\T5/ptm/m/n/13 doanh thu
 []


Underfull \hbox (badness 2865) in paragraph at lines 822--822
\T5/ptm/m/n/13 "Chuy�n kho�n". 2.
 []


Underfull \hbox (badness 10000) in paragraph at lines 822--822
[]|\T5/ptm/m/n/13 Tr�ng th�i
 []


Underfull \hbox (badness 4266) in paragraph at lines 822--822
\T5/ptm/m/n/13 "PAID", c�p
 []


Underfull \hbox (badness 10000) in paragraph at lines 822--822
\T5/ptm/m/n/13 nh�t doanh
 []


Underfull \hbox (badness 10000) in paragraph at lines 822--822
\T5/ptm/m/n/13 thu chuy�n
 []


Underfull \hbox (badness 10000) in paragraph at lines 822--822
[]|\T5/ptm/m/n/13 Tr�ng
 []


Underfull \hbox (badness 10000) in paragraph at lines 822--822
\T5/ptm/m/n/13 th�i c�p
 []


Underfull \hbox (badness 1968) in paragraph at lines 822--822
\T5/ptm/m/n/13 doanh thu
 []


Overfull \hbox (46.34714pt too wide) in paragraph at lines 816--825
 [][] 
 []


Underfull \vbox (badness 10000) has occurred while \output is active []

 [50]
Overfull \hbox (1.59969pt too wide) in paragraph at lines 837--837
[]|\T5/ptm/b/n/13 STT| 
 []


Underfull \hbox (badness 10000) in paragraph at lines 841--842
[]|\T5/ptm/m/n/13 api-
 []


Overfull \hbox (1.63033pt too wide) in paragraph at lines 835--846
 [][] 
 []

) [51]
Ch\uhorn \ohorn ng 5.
(./Chuong/5_Giai_phap_dong_gop.tex
Underfull \vbox (badness 10000) has occurred while \output is active []

 [52

]
Underfull \vbox (badness 10000) has occurred while \output is active []

 [53]
Underfull \vbox (badness 10000) has occurred while \output is active []

 [54]
Underfull \vbox (badness 10000) has occurred while \output is active []

 [55]
Underfull \vbox (badness 10000) has occurred while \output is active []

 [56]) [57]
Ch\uhorn \ohorn ng 6.
(./Chuong/6_Ket_luan.tex
Underfull \vbox (badness 10000) has occurred while \output is active []

 [58

]) [59] [60

] (./20232006p.aux)
 ***********
LaTeX2e <2025-11-01>
L3 programming layer <2025-12-29>
 ***********


LaTeX Font Warning: Size substitutions with differences
(Font)              up to 1.0pt have occurred.


LaTeX Warning: There were undefined references.

Package rerunfilecheck Info: File `20232006p.out' has not changed.
(rerunfilecheck)             Checksum: 64511BAF557241B8F08D9DD49DEAF77F;16766.

Package biblatex Warning: Please (re)run BibTeX on the file(s):
(biblatex)                20232006p
(biblatex)                and rerun LaTeX afterwards.

Package logreq Info: Writing requests to '20232006p.run.xml'.
\openout1 = `20232006p.run.xml'.

 ) 
Here is how much of TeX's memory you used:
 33621 strings out of 467538
 636265 string characters out of 5419552
 1501996 words of memory out of 5000000
 61769 multiletter control sequences out of 15000+600000
 663008 words of font info for 75 fonts, out of 8000000 for 9000
 1141 hyphenation exceptions out of 8191
 108i,13n,107p,2599b,1265s stack positions out of 10000i,1000n,20000p,200000b,200000s
</usr/local/texlive/2025/texmf-dist/fonts/type1/vntex/urwvn/ucrr8v.pfb></usr/local/texlive/2025/texmf-dist/fonts/type1/vntex/urwvn/utmb8v.pfb></usr/local/texlive/2025/texmf-dist/fonts/type1/vntex/urwvn/utmbi8v.pfb></usr/local/texlive/2025/texmf-dist/fonts/type1/vntex/urwvn/utmr8v.pfb></usr/local/texlive/2025/texmf-dist/fonts/type1/vntex/urwvn/utmri8v.pfb>
Output written on 20232006p.pdf (72 pages, 31249064 bytes).
PDF statistics:
 1121 PDF objects out of 1200 (max. 8388607)
 886 compressed objects within 9 object streams
 235 named destinations out of 1000 (max. 500000)
 821 words of extra memory for PDF output out of 10000 (max. 10000000)

